Archive member included to satisfy reference by file (symbol)

/Applications/STM32CubeIDE.app/Contents/Eclipse/plugins/com.st.stm32cube.ide.mcu.externaltools.gnu-tools-for-stm32.13.3.rel1.macos64_1.0.0.202411102158/tools/bin/../lib/gcc/arm-none-eabi/13.3.1/../../../../arm-none-eabi/lib/thumb/v7e-m+fp/hard/libc_nano.a(libc_a-exit.o)
                              /Applications/STM32CubeIDE.app/Contents/Eclipse/plugins/com.st.stm32cube.ide.mcu.externaltools.gnu-tools-for-stm32.13.3.rel1.macos64_1.0.0.202411102158/tools/bin/../lib/gcc/arm-none-eabi/13.3.1/../../../../arm-none-eabi/lib/thumb/v7e-m+fp/hard/crt0.o (exit)
/Applications/STM32CubeIDE.app/Contents/Eclipse/plugins/com.st.stm32cube.ide.mcu.externaltools.gnu-tools-for-stm32.13.3.rel1.macos64_1.0.0.202411102158/tools/bin/../lib/gcc/arm-none-eabi/13.3.1/../../../../arm-none-eabi/lib/thumb/v7e-m+fp/hard/libc_nano.a(libc_a-nano-vfprintf_float.o)
                              (_printf_float)
/Applications/STM32CubeIDE.app/Contents/Eclipse/plugins/com.st.stm32cube.ide.mcu.externaltools.gnu-tools-for-stm32.13.3.rel1.macos64_1.0.0.202411102158/tools/bin/../lib/gcc/arm-none-eabi/13.3.1/../../../../arm-none-eabi/lib/thumb/v7e-m+fp/hard/libc_nano.a(libc_a-nano-vfprintf_i.o)
                              /Applications/STM32CubeIDE.app/Contents/Eclipse/plugins/com.st.stm32cube.ide.mcu.externaltools.gnu-tools-for-stm32.13.3.rel1.macos64_1.0.0.202411102158/tools/bin/../lib/gcc/arm-none-eabi/13.3.1/../../../../arm-none-eabi/lib/thumb/v7e-m+fp/hard/libc_nano.a(libc_a-nano-vfprintf_float.o) (_printf_common)
/Applications/STM32CubeIDE.app/Contents/Eclipse/plugins/com.st.stm32cube.ide.mcu.externaltools.gnu-tools-for-stm32.13.3.rel1.macos64_1.0.0.202411102158/tools/bin/../lib/gcc/arm-none-eabi/13.3.1/../../../../arm-none-eabi/lib/thumb/v7e-m+fp/hard/libc_nano.a(libc_a-rand.o)
                              ./Tasks/Src/sensor_task.o (rand)
/Applications/STM32CubeIDE.app/Contents/Eclipse/plugins/com.st.stm32cube.ide.mcu.externaltools.gnu-tools-for-stm32.13.3.rel1.macos64_1.0.0.202411102158/tools/bin/../lib/gcc/arm-none-eabi/13.3.1/../../../../arm-none-eabi/lib/thumb/v7e-m+fp/hard/libc_nano.a(libc_a-findfp.o)
                              /Applications/STM32CubeIDE.app/Contents/Eclipse/plugins/com.st.stm32cube.ide.mcu.externaltools.gnu-tools-for-stm32.13.3.rel1.macos64_1.0.0.202411102158/tools/bin/../lib/gcc/arm-none-eabi/13.3.1/../../../../arm-none-eabi/lib/thumb/v7e-m+fp/hard/libc_nano.a(libc_a-exit.o) (__stdio_exit_handler)
/Applications/STM32CubeIDE.app/Contents/Eclipse/plugins/com.st.stm32cube.ide.mcu.externaltools.gnu-tools-for-stm32.13.3.rel1.macos64_1.0.0.202411102158/tools/bin/../lib/gcc/arm-none-eabi/13.3.1/../../../../arm-none-eabi/lib/thumb/v7e-m+fp/hard/libc_nano.a(libc_a-vsprintf.o)
                              ./Utils/Src/debug_uart.o (vsprintf)
/Applications/STM32CubeIDE.app/Contents/Eclipse/plugins/com.st.stm32cube.ide.mcu.externaltools.gnu-tools-for-stm32.13.3.rel1.macos64_1.0.0.202411102158/tools/bin/../lib/gcc/arm-none-eabi/13.3.1/../../../../arm-none-eabi/lib/thumb/v7e-m+fp/hard/libc_nano.a(libc_a-fwalk.o)
                              /Applications/STM32CubeIDE.app/Contents/Eclipse/plugins/com.st.stm32cube.ide.mcu.externaltools.gnu-tools-for-stm32.13.3.rel1.macos64_1.0.0.202411102158/tools/bin/../lib/gcc/arm-none-eabi/13.3.1/../../../../arm-none-eabi/lib/thumb/v7e-m+fp/hard/libc_nano.a(libc_a-findfp.o) (_fwalk_sglue)
/Applications/STM32CubeIDE.app/Contents/Eclipse/plugins/com.st.stm32cube.ide.mcu.externaltools.gnu-tools-for-stm32.13.3.rel1.macos64_1.0.0.202411102158/tools/bin/../lib/gcc/arm-none-eabi/13.3.1/../../../../arm-none-eabi/lib/thumb/v7e-m+fp/hard/libc_nano.a(libc_a-memcmp.o)
                              ./SEGGER/OS/SEGGER_SYSVIEW_FreeRTOS.o (memcmp)
/Applications/STM32CubeIDE.app/Contents/Eclipse/plugins/com.st.stm32cube.ide.mcu.externaltools.gnu-tools-for-stm32.13.3.rel1.macos64_1.0.0.202411102158/tools/bin/../lib/gcc/arm-none-eabi/13.3.1/../../../../arm-none-eabi/lib/thumb/v7e-m+fp/hard/libc_nano.a(libc_a-memset.o)
                              /Applications/STM32CubeIDE.app/Contents/Eclipse/plugins/com.st.stm32cube.ide.mcu.externaltools.gnu-tools-for-stm32.13.3.rel1.macos64_1.0.0.202411102158/tools/bin/../lib/gcc/arm-none-eabi/13.3.1/../../../../arm-none-eabi/lib/thumb/v7e-m+fp/hard/crt0.o (memset)
/Applications/STM32CubeIDE.app/Contents/Eclipse/plugins/com.st.stm32cube.ide.mcu.externaltools.gnu-tools-for-stm32.13.3.rel1.macos64_1.0.0.202411102158/tools/bin/../lib/gcc/arm-none-eabi/13.3.1/../../../../arm-none-eabi/lib/thumb/v7e-m+fp/hard/libc_nano.a(libc_a-errno.o)
                              ./Core/Src/syscalls.o (__errno)
/Applications/STM32CubeIDE.app/Contents/Eclipse/plugins/com.st.stm32cube.ide.mcu.externaltools.gnu-tools-for-stm32.13.3.rel1.macos64_1.0.0.202411102158/tools/bin/../lib/gcc/arm-none-eabi/13.3.1/../../../../arm-none-eabi/lib/thumb/v7e-m+fp/hard/libc_nano.a(libc_a-init.o)
[...]
Memory Configuration

Name             Origin             Length             Attributes
CCMRAM           0x10000000         0x00010000         xrw
RAM              0x20000000         0x00020000         xrw
FLASH            0x08000000         0x00100000         xr
*default*        0x00000000         0xffffffff

Linker script and memory map

LOAD /Applications/STM32CubeIDE.app/Contents/Eclipse/plugins/com.st.stm32cube.ide.mcu.externaltools.gnu-tools-for-stm32.13.3.rel1.macos64_1.0.0.202411102158/tools/bin/../lib/gcc/arm-none-eabi/13.3.1/thumb/v7e-m+fp/hard/crti.o
LOAD /Applications/STM32CubeIDE.app/Contents/Eclipse/plugins/com.st.stm32cube.ide.mcu.externaltools.gnu-tools-for-stm32.13.3.rel1.macos64_1.0.0.202411102158/tools/bin/../lib/gcc/arm-none-eabi/13.3.1/thumb/v7e-m+fp/hard/crtbegin.o
LOAD /Applications/STM32CubeIDE.app/Contents/Eclipse/plugins/com.st.stm32cube.ide.mcu.externaltools.gnu-tools-for-stm32.13.3.rel1.macos64_1.0.0.202411102158/tools/bin/../lib/gcc/arm-none-eabi/13.3.1/../../../../arm-none-eabi/lib/thumb/v7e-m+fp/hard/crt0.o
LOAD ./Core/Src/app_resources.o
LOAD ./Core/Src/it_SECN.o
LOAD ./Core/Src/main_SECN.o
LOAD ./Core/Src/msp_SECN.o
LOAD ./Core/Src/stm32f4xx_hal_timebase_tim.o
LOAD ./Core/Src/syscalls.o
LOAD ./Core/Src/sysmem.o
LOAD ./Core/Src/system_stm32f4xx.o
LOAD ./Core/Src/timer_Low_Power_Mode.o
LOAD ./Core/Startup/startup_stm32f407vgtx.o
LOAD ./Drivers/STM32F4xx_HAL_Driver/Src/stm32f4xx_hal.o
LOAD ./Drivers/STM32F4xx_HAL_Driver/Src/stm32f4xx_hal_cortex.o
LOAD ./Drivers/STM32F4xx_HAL_Driver/Src/stm32f4xx_hal_dma.o
LOAD ./Drivers/STM32F4xx_HAL_Driver/Src/stm32f4xx_hal_dma_ex.o
LOAD ./Drivers/STM32F4xx_HAL_Driver/Src/stm32f4xx_hal_exti.o
LOAD ./Drivers/STM32F4xx_HAL_Driver/Src/stm32f4xx_hal_flash.o
LOAD ./Drivers/STM32F4xx_HAL_Driver/Src/stm32f4xx_hal_flash_ex.o
LOAD ./Drivers/STM32F4xx_HAL_Driver/Src/stm32f4xx_hal_flash_ramfunc.o
LOAD ./Drivers/STM32F4xx_HAL_Driver/Src/stm32f4xx_hal_gpio.o
LOAD ./Drivers/STM32F4xx_HAL_Driver/Src/stm32f4xx_hal_pwr.o
LOAD ./Drivers/STM32F4xx_HAL_Driver/Src/stm32f4xx_hal_pwr_ex.o
LOAD ./Drivers/STM32F4xx_HAL_Driver/Src/stm32f4xx_hal_rcc.o
LOAD ./Drivers/STM32F4xx_HAL_Driver/Src/stm32f4xx_hal_rcc_ex.o
LOAD ./Drivers/STM32F4xx_HAL_Driver/Src/stm32f4xx_hal_rtc.o
LOAD ./Drivers/STM32F4xx_HAL_Driver/Src/stm32f4xx_hal_rtc_ex.o
LOAD ./Drivers/STM32F4xx_HAL_Driver/Src/stm32f4xx_hal_tim.o
LOAD ./Drivers/STM32F4xx_HAL_Driver/Src/stm32f4xx_hal_tim_ex.o
LOAD ./Drivers/STM32F4xx_HAL_Driver/Src/stm32f4xx_hal_uart.o
LOAD ./FreeRTOS/croutine.o
LOAD ./FreeRTOS/event_groups.o
LOAD ./FreeRTOS/list.o
LOAD ./FreeRTOS/queue.o
LOAD ./FreeRTOS/stream_buffer.o
LOAD ./FreeRTOS/tasks.o
LOAD ./FreeRTOS/timers.o
LOAD ./FreeRTOS/portable/GCC/ARM_CM4F/port.o
LOAD ./FreeRTOS/portable/MemMang/heap_4.o
LOAD ./SEGGER/Config/SEGGER_SYSVIEW_Config_FreeRTOS.o
LOAD ./SEGGER/OS/SEGGER_SYSVIEW_FreeRTOS.o
LOAD ./SEGGER/Rec/segger_uart.o
LOAD ./SEGGER/SEGGER/SEGGER_RTT.o
LOAD ./SEGGER/SEGGER/SEGGER_RTT_ASM_ARMv7M.o
LOAD ./SEGGER/SEGGER/SEGGER_RTT_printf.o
LOAD ./SEGGER/SEGGER/SEGGER_SYSVIEW.o
LOAD ./SEGGER/SEGGER/Syscalls/SEGGER_RTT_Syscalls_GCC.o
LOAD ./Tasks/Src/button_task.o
LOAD ./Tasks/Src/led_task.o
LOAD ./Tasks/Src/sensor_task.o
LOAD ./Utils/Src/debug_uart.o
LOAD ./Utils/Src/error_handler.o
START GROUP
LOAD /Applications/STM32CubeIDE.app/Contents/Eclipse/plugins/com.st.stm32cube.ide.mcu.externaltools.gnu-tools-for-stm32.13.3.rel1.macos64_1.0.0.202411102158/tools/bin/../lib/gcc/arm-none-eabi/13.3.1/../../../../arm-none-eabi/lib/thumb/v7e-m+fp/hard/libc_nano.a
LOAD /Applications/STM32CubeIDE.app/Contents/Eclipse/plugins/com.st.stm32cube.ide.mcu.externaltools.gnu-tools-for-stm32.13.3.rel1.macos64_1.0.0.202411102158/tools/bin/../lib/gcc/arm-none-eabi/13.3.1/../../../../arm-none-eabi/lib/thumb/v7e-m+fp/hard/libm.a
END GROUP
START GROUP
LOAD /Applications/STM32CubeIDE.app/Contents/Eclipse/plugins/com.st.stm32cube.ide.mcu.externaltools.gnu-tools-for-stm32.13.3.rel1.macos64_1.0.0.202411102158/tools/bin/../lib/gcc/arm-none-eabi/13.3.1/thumb/v7e-m+fp/hard/libgcc.a
LOAD /Applications/STM32CubeIDE.app/Contents/Eclipse/plugins/com.st.stm32cube.ide.mcu.externaltools.gnu-tools-for-stm32.13.3.rel1.macos64_1.0.0.202411102158/tools/bin/../lib/gcc/arm-none-eabi/13.3.1/../../../../arm-none-eabi/lib/thumb/v7e-m+fp/hard/libc_nano.a
END GROUP
START GROUP
LOAD /Applications/STM32CubeIDE.app/Contents/Eclipse/plugins/com.st.stm32cube.ide.mcu.externaltools.gnu-tools-for-stm32.13.3.rel1.macos64_1.0.0.202411102158/tools/bin/../lib/gcc/arm-none-eabi/13.3.1/thumb/v7e-m+fp/hard/libgcc.a
LOAD /Applications/STM32CubeIDE.app/Contents/Eclipse/plugins/com.st.stm32cube.ide.mcu.externaltools.gnu-tools-for-stm32.13.3.rel1.macos64_1.0.0.202411102158/tools/bin/../lib/gcc/arm-none-eabi/13.3.1/../../../../arm-none-eabi/lib/thumb/v7e-m+fp/hard/libc_nano.a
LOAD /Applications/STM32CubeIDE.app/Contents/Eclipse/plugins/com.st.stm32cube.ide.mcu.externaltools.gnu-tools-for-stm32.13.3.rel1.macos64_1.0.0.202411102158/tools/bin/../lib/gcc/arm-none-eabi/13.3.1/../../../../arm-none-eabi/lib/thumb/v7e-m+fp/hard/libnosys.a
END GROUP
START GROUP
LOAD /Applications/STM32CubeIDE.app/Contents/Eclipse/plugins/com.st.stm32cube.ide.mcu.externaltools.gnu-tools-for-stm32.13.3.rel1.macos64_1.0.0.202411102158/tools/bin/../lib/gcc/arm-none-eabi/13.3.1/thumb/v7e-m+fp/hard/libgcc.a
LOAD /Applications/STM32CubeIDE.app/Contents/Eclipse/plugins/com.st.stm32cube.ide.mcu.externaltools.gnu-tools-for-stm32.13.3.rel1.macos64_1.0.0.202411102158/tools/bin/../lib/gcc/arm-none-eabi/13.3.1/../../../../arm-none-eabi/lib/thumb/v7e-m+fp/hard/libc_nano.a
LOAD /Applications/STM32CubeIDE.app/Contents/Eclipse/plugins/com.st.stm32cube.ide.mcu.externaltools.gnu-tools-for-stm32.13.3.rel1.macos64_1.0.0.202411102158/tools/bin/../lib/gcc/arm-none-eabi/13.3.1/../../../../arm-none-eabi/lib/thumb/v7e-m+fp/hard/libnosys.a
END GROUP
LOAD /Applications/STM32CubeIDE.app/Contents/Eclipse/plugins/com.st.stm32cube.ide.mcu.externaltools.gnu-tools-for-stm32.13.3.rel1.macos64_1.0.0.202411102158/tools/bin/../lib/gcc/arm-none-eabi/13.3.1/thumb/v7e-m+fp/hard/crtend.o
LOAD /Applications/STM32CubeIDE.app/Contents/Eclipse/plugins/com.st.stm32cube.ide.mcu.externaltools.gnu-tools-for-stm32.13.3.rel1.macos64_1.0.0.202411102158/tools/bin/../lib/gcc/arm-none-eabi/13.3.1/thumb/v7e-m+fp/hard/crtn.o
                0x20020000                        _estack = (ORIGIN (RAM) + LENGTH (RAM))
                0x00000200                        _Min_Heap_Size = 0x200
                0x00000400                        _Min_Stack_Size = 0x400

.isr_vector     0x08000000      0x188
                0x08000000                        . = ALIGN (0x4)
 *(.isr_vector)
 .isr_vector    0x08000000      0x188 ./Core/Startup/startup_stm32f407vgtx.o
                0x08000000                g_pfnVectors
                0x08000188                        . = ALIGN (0x4)

.text           0x08000190     0xd99c
                0x08000190                        . = ALIGN (0x4)
 *(.text)
 .text          0x08000190       0x40 /Applications/STM32CubeIDE.app/Contents/Eclipse/plugins/com.st.stm32cube.ide.mcu.externaltools.gnu-tools-for-stm32.13.3.rel1.macos64_1.0.0.202411102158/tools/bin/../lib/gcc/arm-none-eabi/13.3.1/thumb/v7e-m+fp/hard/crtbegin.o
 .text          0x080001d0       0x94 ./SEGGER/SEGGER/SEGGER_RTT_ASM_ARMv7M.o
                0x080001d0                SEGGER_RTT_ASM_WriteSkipNoLock
 *fill*         0x08000264        0xc 
 .text          0x08000270       0xa0 /Applications/STM32CubeIDE.app/Contents/Eclipse/plugins/com.st.stm32cube.ide.mcu.externaltools.gnu-tools-for-stm32.13.3.rel1.macos64_1.0.0.202411102158/tools/bin/../lib/gcc/arm-none-eabi/13.3.1/../../../../arm-none-eabi/lib/thumb/v7e-m+fp/hard/libc_nano.a(libc_a-memchr.o)
                0x08000270                memchr
 .text          0x08000310       0x10 /Applications/STM32CubeIDE.app/Contents/Eclipse/plugins/com.st.stm32cube.ide.mcu.externaltools.gnu-tools-for-stm32.13.3.rel1.macos64_1.0.0.202411102158/tools/bin/../lib/gcc/arm-none-eabi/13.3.1/../../../../arm-none-eabi/lib/thumb/v7e-m+fp/hard/libc_nano.a(libc_a-strlen.o)
                0x08000310                strlen
 .text          0x08000320      0x378 /Applications/STM32CubeIDE.app/Contents/Eclipse/plugins/com.st.stm32cube.ide.mcu.externaltools.gnu-tools-for-stm32.13.3.rel1.macos64_1.0.0.202411102158/tools/bin/../lib/gcc/arm-none-eabi/13.3.1/thumb/v7e-m+fp/hard/libgcc.a(_arm_addsubdf3.o)
                0x08000320                __aeabi_drsub
                0x08000328                __subdf3
                0x08000328                __aeabi_dsub
                0x0800032c                __aeabi_dadd
                0x0800032c                __adddf3
                0x080005a4                __aeabi_ui2d
                0x080005a4                __floatunsidf
                0x080005c4                __floatsidf
                0x080005c4                __aeabi_i2d
                0x080005e8                __extendsfdf2
                0x080005e8                __aeabi_f2d
                0x0800062c                __aeabi_ul2d
                0x0800062c                __floatundidf
                0x0800063c                __aeabi_l2d
                0x0800063c                __floatdidf
 .text          0x08000698      0x424 /Applications/STM32CubeIDE.app/Contents/Eclipse/plugins/com.st.stm32cube.ide.mcu.externaltools.gnu-tools-for-stm32.13.3.rel1.macos64_1.0.0.202411102158/tools/bin/../lib/gcc/arm-none-eabi/13.3.1/thumb/v7e-m+fp/hard/libgcc.a(_arm_muldivdf3.o)
                0x08000698                __aeabi_dmul
                0x08000698                __muldf3
                0x080008ec                __aeabi_ddiv
                0x080008ec                __divdf3
 .text          0x08000abc      0x110 /Applications/STM32CubeIDE.app/Contents/Eclipse/plugins/com.st.stm32cube.ide.mcu.externaltools.gnu-tools-for-stm32.13.3.rel1.macos64_1.0.0.202411102158/tools/bin/../lib/gcc/arm-none-eabi/13.3.1/thumb/v7e-m+fp/hard/libgcc.a(_arm_cmpdf2.o)
                0x08000abc                __gedf2
                0x08000abc                __gtdf2
                0x08000ac4                __ledf2
                0x08000ac4                __ltdf2
                0x08000acc                __cmpdf2
                0x08000acc                __eqdf2
                0x08000acc                __nedf2
                0x08000b48                __aeabi_cdrcmple
                0x08000b58                __aeabi_cdcmple
                0x08000b58                __aeabi_cdcmpeq
                0x08000b68                __aeabi_dcmpeq
                0x08000b7c                __aeabi_dcmplt
                0x08000b90                __aeabi_dcmple
                0x08000ba4                __aeabi_dcmpge
                0x08000bb8                __aeabi_dcmpgt
 .text          0x08000bcc       0x2c /Applications/STM32CubeIDE.app/Contents/Eclipse/plugins/com.st.stm32cube.ide.mcu.externaltools.gnu-tools-for-stm32.13.3.rel1.macos64_1.0.0.202411102158/tools/bin/../lib/gcc/arm-none-eabi/13.3.1/thumb/v7e-m+fp/hard/libgcc.a(_arm_unorddf2.o)
                0x08000bcc                __aeabi_dcmpun
                0x08000bcc                __unorddf2
 .text          0x08000bf8       0x50 /Applications/STM32CubeIDE.app/Contents/Eclipse/plugins/com.st.stm32cube.ide.mcu.externaltools.gnu-tools-for-stm32.13.3.rel1.macos64_1.0.0.202411102158/tools/bin/../lib/gcc/arm-none-eabi/13.3.1/thumb/v7e-m+fp/hard/libgcc.a(_arm_fixdfsi.o)
                0x08000bf8                __fixdfsi
                0x08000bf8                __aeabi_d2iz
 .text          0x08000c48       0x30 /Applications/STM32CubeIDE.app/Contents/Eclipse/plugins/com.st.stm32cube.ide.mcu.externaltools.gnu-tools-for-stm32.13.3.rel1.macos64_1.0.0.202411102158/tools/bin/../lib/gcc/arm-none-eabi/13.3.1/thumb/v7e-m+fp/hard/libgcc.a(_aeabi_uldivmod.o)
                0x08000c48                __aeabi_uldivmod
 .text          0x08000c78      0x2f8 /Applications/STM32CubeIDE.app/Contents/Eclipse/plugins/com.st.stm32cube.ide.mcu.externaltools.gnu-tools-for-stm32.13.3.rel1.macos64_1.0.0.202411102158/tools/bin/../lib/gcc/arm-none-eabi/13.3.1/thumb/v7e-m+fp/hard/libgcc.a(_udivmoddi4.o)
                0x08000c78                __udivmoddi4
 .text          0x08000f70        0x4 /Applications/STM32CubeIDE.app/Contents/Eclipse/plugins/com.st.stm32cube.ide.mcu.externaltools.gnu-tools-for-stm32.13.3.rel1.macos64_1.0.0.202411102158/tools/bin/../lib/gcc/arm-none-eabi/13.3.1/thumb/v7e-m+fp/hard/libgcc.a(_dvmd_tls.o)
                0x08000f70                __aeabi_ldiv0
                0x08000f70                __aeabi_idiv0
 *(.text*)
 .text.app_resources_init
                0x08000f74      0x124 ./Core/Src/app_resources.o
                0x08000f74                app_resources_init
 .text.vSensor_Timer_Callback
                0x08001098       0x50 ./Core/Src/app_resources.o
                0x08001098                vSensor_Timer_Callback
 .text.vHeartbeat_Timer_Callback
                0x080010e8       0x14 ./Core/Src/app_resources.o
                0x080010e8                vHeartbeat_Timer_Callback
 .text.TIM6_DAC_IRQHandler
                0x080010fc       0x14 ./Core/Src/it_SECN.o
                0x080010fc                TIM6_DAC_IRQHandler
 .text.USART3_IRQHandler
                0x08001110       0x14 ./Core/Src/it_SECN.o
                0x08001110                USART3_IRQHandler
 .text.EXTI0_IRQHandler
                0x08001124       0x12 ./Core/Src/it_SECN.o
                0x08001124                EXTI0_IRQHandler
 *fill*         0x08001136        0x2 
 .text.TIM2_IRQHandler
                0x08001138       0x14 ./Core/Src/it_SECN.o
                0x08001138                TIM2_IRQHandler
 .text.TIM7_IRQHandler
                0x0800114c       0x14 ./Core/Src/it_SECN.o
                0x0800114c                TIM7_IRQHandler
 .text.main     0x08001160       0x50 ./Core/Src/main_SECN.o
                0x08001160                main
 .text.SystemClock_Config
                0x080011b0       0xe8 ./Core/Src/main_SECN.o
                0x080011b0                SystemClock_Config
 .text.HAL_TIM_PeriodElapsedCallback
                0x08001298       0x40 ./Core/Src/main_SECN.o
                0x08001298                HAL_TIM_PeriodElapsedCallback
 .text.HAL_TIM_IC_CaptureCallback
                0x080012d8       0x60 ./Core/Src/main_SECN.o
                0x080012d8                HAL_TIM_IC_CaptureCallback
 .text.button_irq_handler
                0x08001338       0x54 ./Core/Src/main_SECN.o
                0x08001338                button_irq_handler
 .text.get_frequency_from_IC
                0x0800138c       0xec ./Core/Src/main_SECN.o
                0x0800138c                get_frequency_from_IC
 .text.HAL_MspInit
                0x08001478       0x50 ./Core/Src/msp_SECN.o
                0x08001478                HAL_MspInit
 .text.HAL_UART_MspInit
                0x080014c8      0x140 ./Core/Src/msp_SECN.o
                0x080014c8                HAL_UART_MspInit
 .text.HAL_TIM_Base_MspInit
                0x08001608       0x50 ./Core/Src/msp_SECN.o
                0x08001608                HAL_TIM_Base_MspInit
 .text.HAL_RTC_MspInit
                0x08001658       0x64 ./Core/Src/msp_SECN.o
                0x08001658                HAL_RTC_MspInit
 .text.HAL_InitTick
                0x080016bc       0xf8 ./Core/Src/stm32f4xx_hal_timebase_tim.o
                0x080016bc                HAL_InitTick
 .text._getpid  0x080017b4       0x10 ./Core/Src/syscalls.o
                0x080017b4                _getpid
 .text._kill    0x080017c4       0x20 ./Core/Src/syscalls.o
                0x080017c4                _kill
 .text._exit    0x080017e4       0x16 ./Core/Src/syscalls.o
                0x080017e4                _exit
 .text._read    0x080017fa       0x3a ./Core/Src/syscalls.o
                0x080017fa                _read
 .text._close   0x08001834       0x18 ./Core/Src/syscalls.o
                0x08001834                _close
 .text._fstat   0x0800184c       0x20 ./Core/Src/syscalls.o
                0x0800184c                _fstat
 .text._isatty  0x0800186c       0x16 ./Core/Src/syscalls.o
                0x0800186c                _isatty
 .text._lseek   0x08001882       0x1a ./Core/Src/syscalls.o
                0x08001882                _lseek
 .text._sbrk    0x0800189c       0x6c ./Core/Src/sysmem.o
                0x0800189c                _sbrk
 .text.SystemInit
                0x08001908       0x24 ./Core/Src/system_stm32f4xx.o
                0x08001908                SystemInit
 .text.rtc_init
                0x0800192c       0x40 ./Core/Src/timer_Low_Power_Mode.o
                0x0800192c                rtc_init
 .text.rtc_date_time_config
                0x0800196c       0x6c ./Core/Src/timer_Low_Power_Mode.o
                0x0800196c                rtc_date_time_config
 .text.Reset_Handler
                0x080019d8       0x50 ./Core/Startup/startup_stm32f407vgtx.o
                0x080019d8                Reset_Handler
 .text.Default_Handler
                0x08001a28        0x2 ./Core/Startup/startup_stm32f407vgtx.o
                0x08001a28                DMA1_Stream3_IRQHandler
                0x08001a28                HASH_RNG_IRQHandler
                0x08001a28                EXTI2_IRQHandler
                0x08001a28                TIM8_CC_IRQHandler
                0x08001a28                DebugMon_Handler
                0x08001a28                TIM1_CC_IRQHandler
                0x08001a28                DMA2_Stream5_IRQHandler
                0x08001a28                HardFault_Handler
                0x08001a28                DMA1_Stream5_IRQHandler
                0x08001a28                PVD_IRQHandler
                0x08001a28                SDIO_IRQHandler
                0x08001a28                TAMP_STAMP_IRQHandler
                0x08001a28                NMI_Handler
                0x08001a28                CAN2_RX1_IRQHandler
                0x08001a28                EXTI3_IRQHandler
                0x08001a28                TIM8_TRG_COM_TIM14_IRQHandler
                0x08001a28                TIM1_UP_TIM10_IRQHandler
                0x08001a28                TIM8_UP_TIM13_IRQHandler
                0x08001a28                I2C3_ER_IRQHandler
                0x08001a28                I2C2_EV_IRQHandler
                0x08001a28                DMA1_Stream2_IRQHandler
                0x08001a28                CAN1_RX0_IRQHandler
                0x08001a28                FPU_IRQHandler
                0x08001a28                OTG_HS_WKUP_IRQHandler
                0x08001a28                UsageFault_Handler
                0x08001a28                CAN2_SCE_IRQHandler
                0x08001a28                DMA2_Stream2_IRQHandler
                0x08001a28                SPI1_IRQHandler
                0x08001a28                TIM1_BRK_TIM9_IRQHandler
                0x08001a28                DCMI_IRQHandler
                0x08001a28                CAN2_RX0_IRQHandler
                0x08001a28                DMA2_Stream3_IRQHandler
                0x08001a28                USART6_IRQHandler
                0x08001a28                CAN1_RX1_IRQHandler
                0x08001a28                UART5_IRQHandler
                0x08001a28                DMA2_Stream0_IRQHandler
                0x08001a28                TIM4_IRQHandler
                0x08001a28                I2C1_EV_IRQHandler
                0x08001a28                DMA1_Stream6_IRQHandler
                0x08001a28                DMA1_Stream1_IRQHandler
                0x08001a28                UART4_IRQHandler
                0x08001a28                TIM3_IRQHandler
                0x08001a28                RCC_IRQHandler
                0x08001a28                TIM8_BRK_TIM12_IRQHandler
                0x08001a28                Default_Handler
                0x08001a28                EXTI15_10_IRQHandler
                0x08001a28                ADC_IRQHandler
                0x08001a28                DMA1_Stream7_IRQHandler
                0x08001a28                CAN2_TX_IRQHandler
                0x08001a28                TIM5_IRQHandler
                0x08001a28                DMA2_Stream7_IRQHandler
                0x08001a28                I2C3_EV_IRQHandler
                0x08001a28                EXTI9_5_IRQHandler
                0x08001a28                RTC_WKUP_IRQHandler
                0x08001a28                ETH_WKUP_IRQHandler
                0x08001a28                SPI2_IRQHandler
                0x08001a28                OTG_HS_EP1_IN_IRQHandler
                0x08001a28                MemManage_Handler
                0x08001a28                DMA1_Stream0_IRQHandler
                0x08001a28                CAN1_TX_IRQHandler
                0x08001a28                EXTI4_IRQHandler
                0x08001a28                FSMC_IRQHandler
                0x08001a28                ETH_IRQHandler
                0x08001a28                OTG_HS_EP1_OUT_IRQHandler
                0x08001a28                WWDG_IRQHandler
                0x08001a28                OTG_FS_WKUP_IRQHandler
                0x08001a28                TIM1_TRG_COM_TIM11_IRQHandler
                0x08001a28                OTG_HS_IRQHandler
                0x08001a28                EXTI1_IRQHandler
                0x08001a28                I2C2_ER_IRQHandler
                0x08001a28                DMA2_Stream1_IRQHandler
                0x08001a28                CAN1_SCE_IRQHandler
                0x08001a28                FLASH_IRQHandler
                0x08001a28                DMA2_Stream4_IRQHandler
                0x08001a28                BusFault_Handler
                0x08001a28                USART1_IRQHandler
                0x08001a28                OTG_FS_IRQHandler
                0x08001a28                SPI3_IRQHandler
                0x08001a28                DMA1_Stream4_IRQHandler
                0x08001a28                I2C1_ER_IRQHandler
                0x08001a28                DMA2_Stream6_IRQHandler
                0x08001a28                RTC_Alarm_IRQHandler
 *fill*         0x08001a2a        0x2 
 .text.HAL_Init
                0x08001a2c       0x44 ./Drivers/STM32F4xx_HAL_Driver/Src/stm32f4xx_hal.o
                0x08001a2c                HAL_Init
 .text.HAL_IncTick
                0x08001a70       0x28 ./Drivers/STM32F4xx_HAL_Driver/Src/stm32f4xx_hal.o
                0x08001a70                HAL_IncTick
 .text.HAL_GetTick
                0x08001a98       0x18 ./Drivers/STM32F4xx_HAL_Driver/Src/stm32f4xx_hal.o
                0x08001a98                HAL_GetTick
 .text.__NVIC_SetPriorityGrouping
                0x08001ab0       0x48 ./Drivers/STM32F4xx_HAL_Driver/Src/stm32f4xx_hal_cortex.o
 .text.__NVIC_GetPriorityGrouping
                0x08001af8       0x1c ./Drivers/STM32F4xx_HAL_Driver/Src/stm32f4xx_hal_cortex.o
 .text.__NVIC_EnableIRQ
                0x08001b14       0x3c ./Drivers/STM32F4xx_HAL_Driver/Src/stm32f4xx_hal_cortex.o
 .text.__NVIC_SetPriority
                0x08001b50       0x54 ./Drivers/STM32F4xx_HAL_Driver/Src/stm32f4xx_hal_cortex.o
 .text.NVIC_EncodePriority
                0x08001ba4       0x66 ./Drivers/STM32F4xx_HAL_Driver/Src/stm32f4xx_hal_cortex.o
 .text.HAL_NVIC_SetPriorityGrouping
                0x08001c0a       0x16 ./Drivers/STM32F4xx_HAL_Driver/Src/stm32f4xx_hal_cortex.o
                0x08001c0a                HAL_NVIC_SetPriorityGrouping
 .text.HAL_NVIC_SetPriority
                0x08001c20       0x38 ./Drivers/STM32F4xx_HAL_Driver/Src/stm32f4xx_hal_cortex.o
                0x08001c20                HAL_NVIC_SetPriority
 .text.HAL_NVIC_EnableIRQ
                0x08001c58       0x1c ./Drivers/STM32F4xx_HAL_Driver/Src/stm32f4xx_hal_cortex.o
                0x08001c58                HAL_NVIC_EnableIRQ
 .text.HAL_DMA_Abort
                0x08001c74       0xe0 ./Drivers/STM32F4xx_HAL_Driver/Src/stm32f4xx_hal_dma.o
                0x08001c74                HAL_DMA_Abort
 .text.HAL_DMA_Abort_IT
                0x08001d54       0x44 ./Drivers/STM32F4xx_HAL_Driver/Src/stm32f4xx_hal_dma.o
                0x08001d54                HAL_DMA_Abort_IT
 .text.HAL_GPIO_Init
                0x08001d98      0x338 ./Drivers/STM32F4xx_HAL_Driver/Src/stm32f4xx_hal_gpio.o
                0x08001d98                HAL_GPIO_Init
 .text.HAL_GPIO_WritePin
                0x080020d0       0x32 ./Drivers/STM32F4xx_HAL_Driver/Src/stm32f4xx_hal_gpio.o
                0x080020d0                HAL_GPIO_WritePin
 .text.HAL_GPIO_TogglePin
                0x08002102       0x34 ./Drivers/STM32F4xx_HAL_Driver/Src/stm32f4xx_hal_gpio.o
                0x08002102                HAL_GPIO_TogglePin
 *fill*         0x08002136        0x2 
 .text.HAL_GPIO_EXTI_IRQHandler
                0x08002138       0x30 ./Drivers/STM32F4xx_HAL_Driver/Src/stm32f4xx_hal_gpio.o
                0x08002138                HAL_GPIO_EXTI_IRQHandler
 .text.HAL_GPIO_EXTI_Callback
                0x08002168       0x16 ./Drivers/STM32F4xx_HAL_Driver/Src/stm32f4xx_hal_gpio.o
                0x08002168                HAL_GPIO_EXTI_Callback
 *fill*         0x0800217e        0x2 
 .text.HAL_RCC_OscConfig
                0x08002180      0x4f0 ./Drivers/STM32F4xx_HAL_Driver/Src/stm32f4xx_hal_rcc.o
                0x08002180                HAL_RCC_OscConfig
 .text.HAL_RCC_ClockConfig
                0x08002670      0x1cc ./Drivers/STM32F4xx_HAL_Driver/Src/stm32f4xx_hal_rcc.o
                0x08002670                HAL_RCC_ClockConfig
 .text.HAL_RCC_GetSysClockFreq
                0x0800283c      0x20c ./Drivers/STM32F4xx_HAL_Driver/Src/stm32f4xx_hal_rcc.o
                0x0800283c                HAL_RCC_GetSysClockFreq
 .text.HAL_RCC_GetHCLKFreq
                0x08002a48       0x18 ./Drivers/STM32F4xx_HAL_Driver/Src/stm32f4xx_hal_rcc.o
                0x08002a48                HAL_RCC_GetHCLKFreq
 .text.HAL_RCC_GetPCLK1Freq
                0x08002a60       0x28 ./Drivers/STM32F4xx_HAL_Driver/Src/stm32f4xx_hal_rcc.o
                0x08002a60                HAL_RCC_GetPCLK1Freq
 .text.HAL_RCC_GetPCLK2Freq
                0x08002a88       0x28 ./Drivers/STM32F4xx_HAL_Driver/Src/stm32f4xx_hal_rcc.o
                0x08002a88                HAL_RCC_GetPCLK2Freq
 .text.HAL_RCC_GetClockConfig
                0x08002ab0       0x64 ./Drivers/STM32F4xx_HAL_Driver/Src/stm32f4xx_hal_rcc.o
                0x08002ab0                HAL_RCC_GetClockConfig
 .text.HAL_RCCEx_PeriphCLKConfig
                0x08002b14      0x1c4 ./Drivers/STM32F4xx_HAL_Driver/Src/stm32f4xx_hal_rcc_ex.o
                0x08002b14                HAL_RCCEx_PeriphCLKConfig
 .text.HAL_RTC_Init
                0x08002cd8      0x102 ./Drivers/STM32F4xx_HAL_Driver/Src/stm32f4xx_hal_rtc.o
                0x08002cd8                HAL_RTC_Init
 .text.HAL_RTC_SetTime
                0x08002dda      0x134 ./Drivers/STM32F4xx_HAL_Driver/Src/stm32f4xx_hal_rtc.o
                0x08002dda                HAL_RTC_SetTime
 .text.HAL_RTC_GetTime
                0x08002f0e       0xbc ./Drivers/STM32F4xx_HAL_Driver/Src/stm32f4xx_hal_rtc.o
                0x08002f0e                HAL_RTC_GetTime
 .text.HAL_RTC_SetDate
                0x08002fca      0x108 ./Drivers/STM32F4xx_HAL_Driver/Src/stm32f4xx_hal_rtc.o
                0x08002fca                HAL_RTC_SetDate
 .text.HAL_RTC_GetDate
                0x080030d2       0x9e ./Drivers/STM32F4xx_HAL_Driver/Src/stm32f4xx_hal_rtc.o
                0x080030d2                HAL_RTC_GetDate
 .text.HAL_RTC_WaitForSynchro
                0x08003170       0x4c ./Drivers/STM32F4xx_HAL_Driver/Src/stm32f4xx_hal_rtc.o
                0x08003170                HAL_RTC_WaitForSynchro
 .text.RTC_EnterInitMode
                0x080031bc       0x6e ./Drivers/STM32F4xx_HAL_Driver/Src/stm32f4xx_hal_rtc.o
                0x080031bc                RTC_EnterInitMode
 .text.RTC_ExitInitMode
                0x0800322a       0x4a ./Drivers/STM32F4xx_HAL_Driver/Src/stm32f4xx_hal_rtc.o
                0x0800322a                RTC_ExitInitMode
 .text.RTC_ByteToBcd2
                0x08003274       0x3c ./Drivers/STM32F4xx_HAL_Driver/Src/stm32f4xx_hal_rtc.o
                0x08003274                RTC_ByteToBcd2
 .text.RTC_Bcd2ToByte
                0x080032b0       0x3c ./Drivers/STM32F4xx_HAL_Driver/Src/stm32f4xx_hal_rtc.o
                0x080032b0                RTC_Bcd2ToByte
 .text.HAL_TIM_Base_Init
                0x080032ec       0x9e ./Drivers/STM32F4xx_HAL_Driver/Src/stm32f4xx_hal_tim.o
                0x080032ec                HAL_TIM_Base_Init
 *fill*         0x0800338a        0x2 
 .text.HAL_TIM_Base_Start_IT
                0x0800338c       0xe0 ./Drivers/STM32F4xx_HAL_Driver/Src/stm32f4xx_hal_tim.o
                0x0800338c                HAL_TIM_Base_Start_IT
 .text.HAL_TIM_IRQHandler
                0x0800346c      0x1e0 ./Drivers/STM32F4xx_HAL_Driver/Src/stm32f4xx_hal_tim.o
                0x0800346c                HAL_TIM_IRQHandler
 .text.HAL_TIM_OC_DelayElapsedCallback
                0x0800364c       0x14 ./Drivers/STM32F4xx_HAL_Driver/Src/stm32f4xx_hal_tim.o
                0x0800364c                HAL_TIM_OC_DelayElapsedCallback
 .text.HAL_TIM_PWM_PulseFinishedCallback
                0x08003660       0x14 ./Drivers/STM32F4xx_HAL_Driver/Src/stm32f4xx_hal_tim.o
                0x08003660                HAL_TIM_PWM_PulseFinishedCallback
 .text.HAL_TIM_TriggerCallback
                0x08003674       0x14 ./Drivers/STM32F4xx_HAL_Driver/Src/stm32f4xx_hal_tim.o
                0x08003674                HAL_TIM_TriggerCallback
 .text.TIM_Base_SetConfig
                0x08003688      0x14c ./Drivers/STM32F4xx_HAL_Driver/Src/stm32f4xx_hal_tim.o
                0x08003688                TIM_Base_SetConfig
 .text.HAL_TIMEx_CommutCallback
                0x080037d4       0x14 ./Drivers/STM32F4xx_HAL_Driver/Src/stm32f4xx_hal_tim_ex.o
                0x080037d4                HAL_TIMEx_CommutCallback
 .text.HAL_TIMEx_BreakCallback
                0x080037e8       0x14 ./Drivers/STM32F4xx_HAL_Driver/Src/stm32f4xx_hal_tim_ex.o
                0x080037e8                HAL_TIMEx_BreakCallback
 .text.HAL_UART_Init
                0x080037fc       0xa0 ./Drivers/STM32F4xx_HAL_Driver/Src/stm32f4xx_hal_uart.o
                0x080037fc                HAL_UART_Init
 .text.HAL_UART_Transmit
                0x0800389c      0x116 ./Drivers/STM32F4xx_HAL_Driver/Src/stm32f4xx_hal_uart.o
                0x0800389c                HAL_UART_Transmit
 *fill*         0x080039b2        0x2 
 .text.HAL_UART_IRQHandler
                0x080039b4      0x554 ./Drivers/STM32F4xx_HAL_Driver/Src/stm32f4xx_hal_uart.o
                0x080039b4                HAL_UART_IRQHandler
 .text.HAL_UART_TxCpltCallback
                0x08003f08       0x14 ./Drivers/STM32F4xx_HAL_Driver/Src/stm32f4xx_hal_uart.o
                0x08003f08                HAL_UART_TxCpltCallback
 .text.HAL_UART_RxCpltCallback
                0x08003f1c       0x14 ./Drivers/STM32F4xx_HAL_Driver/Src/stm32f4xx_hal_uart.o
                0x08003f1c                HAL_UART_RxCpltCallback
 .text.HAL_UART_ErrorCallback
                0x08003f30       0x14 ./Drivers/STM32F4xx_HAL_Driver/Src/stm32f4xx_hal_uart.o
                0x08003f30                HAL_UART_ErrorCallback
 .text.HAL_UARTEx_RxEventCallback
                0x08003f44       0x18 ./Drivers/STM32F4xx_HAL_Driver/Src/stm32f4xx_hal_uart.o
                0x08003f44                HAL_UARTEx_RxEventCallback
 .text.UART_WaitOnFlagUntilTimeout
                0x08003f5c       0xb2 ./Drivers/STM32F4xx_HAL_Driver/Src/stm32f4xx_hal_uart.o
 .text.UART_EndRxTransfer
                0x0800400e       0xc6 ./Drivers/STM32F4xx_HAL_Driver/Src/stm32f4xx_hal_uart.o
 .text.UART_DMAAbortOnError
                0x080040d4       0x22 ./Drivers/STM32F4xx_HAL_Driver/Src/stm32f4xx_hal_uart.o
 .text.UART_Transmit_IT
                0x080040f6       0xa0 ./Drivers/STM32F4xx_HAL_Driver/Src/stm32f4xx_hal_uart.o
 .text.UART_EndTransmit_IT
                0x08004196       0x30 ./Drivers/STM32F4xx_HAL_Driver/Src/stm32f4xx_hal_uart.o
 .text.UART_Receive_IT
                0x080041c6      0x17c ./Drivers/STM32F4xx_HAL_Driver/Src/stm32f4xx_hal_uart.o
 *fill*         0x08004342        0x2 
 .text.UART_SetConfig
                0x08004344      0x4e8 ./Drivers/STM32F4xx_HAL_Driver/Src/stm32f4xx_hal_uart.o
 .text.xEventGroupCreate
                0x0800482c       0x42 ./FreeRTOS/event_groups.o
                0x0800482c                xEventGroupCreate
 *fill*         0x0800486e        0x2 
 .text.xEventGroupWaitBits
                0x08004870      0x1ac ./FreeRTOS/event_groups.o
                0x08004870                xEventGroupWaitBits
 .text.xEventGroupSetBits
                0x08004a1c      0x126 ./FreeRTOS/event_groups.o
                0x08004a1c                xEventGroupSetBits
 .text.prvTestWaitCondition
                0x08004b42       0x44 ./FreeRTOS/event_groups.o
 .text.vListInitialise
                0x08004b86       0x44 ./FreeRTOS/list.o
                0x08004b86                vListInitialise
 .text.vListInitialiseItem
                0x08004bca       0x1e ./FreeRTOS/list.o
                0x08004bca                vListInitialiseItem
 .text.vListInsert
                0x08004be8       0x76 ./FreeRTOS/list.o
                0x08004be8                vListInsert
 .text.uxListRemove
                0x08004c5e       0x5e ./FreeRTOS/list.o
                0x08004c5e                uxListRemove
 .text.xQueueGenericReset
                0x08004cbc      0x12c ./FreeRTOS/queue.o
                0x08004cbc                xQueueGenericReset
 .text.xQueueGenericCreate
                0x08004de8       0xb0 ./FreeRTOS/queue.o
                0x08004de8                xQueueGenericCreate
 .text.prvInitialiseNewQueue
                0x08004e98       0x46 ./FreeRTOS/queue.o
 *fill*         0x08004ede        0x2 
 .text.xQueueGenericSend
                0x08004ee0      0x21c ./FreeRTOS/queue.o
                0x08004ee0                xQueueGenericSend
 .text.xQueueGiveFromISR
                0x080050fc      0x15a ./FreeRTOS/queue.o
                0x080050fc                xQueueGiveFromISR
 *fill*         0x08005256        0x2 
 .text.xQueueReceive
                0x08005258      0x1dc ./FreeRTOS/queue.o
                0x08005258                xQueueReceive
 .text.xQueueSemaphoreTake
                0x08005434      0x218 ./FreeRTOS/queue.o
                0x08005434                xQueueSemaphoreTake
 .text.prvGetDisinheritPriorityAfterTimeout
                0x0800564c       0x30 ./FreeRTOS/queue.o
 .text.prvCopyDataToQueue
                0x0800567c       0xd4 ./FreeRTOS/queue.o
 .text.prvCopyDataFromQueue
                0x08005750       0x4c ./FreeRTOS/queue.o
 .text.prvUnlockQueue
                0x0800579c       0xa4 ./FreeRTOS/queue.o
 .text.prvIsQueueEmpty
                0x08005840       0x2c ./FreeRTOS/queue.o
 .text.prvIsQueueFull
                0x0800586c       0x30 ./FreeRTOS/queue.o
 .text.vQueueAddToRegistry
                0x0800589c       0xa0 ./FreeRTOS/queue.o
                0x0800589c                vQueueAddToRegistry
 .text.vQueueWaitForMessageRestricted
                0x0800593c       0x6e ./FreeRTOS/queue.o
                0x0800593c                vQueueWaitForMessageRestricted
 .text.prvCreateTask
                0x080059aa       0x78 ./FreeRTOS/tasks.o
 .text.xTaskCreate
                0x08005a22       0x50 ./FreeRTOS/tasks.o
                0x08005a22                xTaskCreate
 .text.prvInitialiseNewTask
                0x08005a72      0x120 ./FreeRTOS/tasks.o
 *fill*         0x08005b92        0x2 
 .text.prvAddNewTaskToReadyList
                0x08005b94      0x16c ./FreeRTOS/tasks.o
 .text.prvCreateIdleTasks
                0x08005d00       0x94 ./FreeRTOS/tasks.o
 .text.vTaskStartScheduler
                0x08005d94       0xb4 ./FreeRTOS/tasks.o
                0x08005d94                vTaskStartScheduler
 .text.vTaskSuspendAll
                0x08005e48       0x1c ./FreeRTOS/tasks.o
                0x08005e48                vTaskSuspendAll
 .text.xTaskResumeAll
                0x08005e64      0x224 ./FreeRTOS/tasks.o
                0x08005e64                xTaskResumeAll
 .text.xTaskGetTickCount
                0x08006088       0x24 ./FreeRTOS/tasks.o
                0x08006088                xTaskGetTickCount
 .text.xTaskGetTickCountFromISR
                0x080060ac       0x2c ./FreeRTOS/tasks.o
                0x080060ac                xTaskGetTickCountFromISR
 .text.uxTaskGetNumberOfTasks
                0x080060d8       0x1c ./FreeRTOS/tasks.o
                0x080060d8                uxTaskGetNumberOfTasks
 .text.xTaskIncrementTick
                0x080060f4      0x244 ./FreeRTOS/tasks.o
                0x080060f4                xTaskIncrementTick
 .text.vTaskSwitchContext
                0x08006338       0xd8 ./FreeRTOS/tasks.o
                0x08006338                vTaskSwitchContext
 .text.vTaskPlaceOnEventList
                0x08006410       0x50 ./FreeRTOS/tasks.o
                0x08006410                vTaskPlaceOnEventList
 .text.vTaskPlaceOnUnorderedEventList
                0x08006460       0xb8 ./FreeRTOS/tasks.o
                0x08006460                vTaskPlaceOnUnorderedEventList
 .text.vTaskPlaceOnEventListRestricted
                0x08006518       0x94 ./FreeRTOS/tasks.o
                0x08006518                vTaskPlaceOnEventListRestricted
 .text.xTaskRemoveFromEventList
                0x080065ac      0x1c0 ./FreeRTOS/tasks.o
                0x080065ac                xTaskRemoveFromEventList
 .text.vTaskRemoveFromUnorderedEventList
                0x0800676c      0x194 ./FreeRTOS/tasks.o
                0x0800676c                vTaskRemoveFromUnorderedEventList
 .text.vTaskInternalSetTimeOutState
                0x08006900       0x30 ./FreeRTOS/tasks.o
                0x08006900                vTaskInternalSetTimeOutState
 .text.xTaskCheckForTimeOut
                0x08006930       0xd8 ./FreeRTOS/tasks.o
                0x08006930                xTaskCheckForTimeOut
 .text.vTaskMissedYield
                0x08006a08       0x18 ./FreeRTOS/tasks.o
                0x08006a08                vTaskMissedYield
 .text.prvIdleTask
                0x08006a20       0x30 ./FreeRTOS/tasks.o
 .text.prvInitialiseTaskLists
                0x08006a50       0x80 ./FreeRTOS/tasks.o
 .text.prvCheckTasksWaitingTermination
                0x08006ad0       0x5c ./FreeRTOS/tasks.o
 .text.prvDeleteTCB
                0x08006b2c       0x20 ./FreeRTOS/tasks.o
 .text.prvResetNextTaskUnblockTime
                0x08006b4c       0x38 ./FreeRTOS/tasks.o
 .text.xTaskGetSchedulerState
                0x08006b84       0x44 ./FreeRTOS/tasks.o
                0x08006b84                xTaskGetSchedulerState
 .text.xTaskPriorityInherit
                0x08006bc8      0x154 ./FreeRTOS/tasks.o
                0x08006bc8                xTaskPriorityInherit
 .text.xTaskPriorityDisinherit
                0x08006d1c      0x160 ./FreeRTOS/tasks.o
                0x08006d1c                xTaskPriorityDisinherit
 .text.vTaskPriorityDisinheritAfterTimeout
                0x08006e7c      0x188 ./FreeRTOS/tasks.o
                0x08006e7c                vTaskPriorityDisinheritAfterTimeout
 .text.uxTaskResetEventItemValue
                0x08007004       0x34 ./FreeRTOS/tasks.o
                0x08007004                uxTaskResetEventItemValue
 .text.pvTaskIncrementMutexHeldCount
                0x08007038       0x3c ./FreeRTOS/tasks.o
                0x08007038                pvTaskIncrementMutexHeldCount
 .text.ulTaskGenericNotifyTake
                0x08007074       0xfc ./FreeRTOS/tasks.o
                0x08007074                ulTaskGenericNotifyTake
 .text.xTaskGenericNotify
                0x08007170      0x268 ./FreeRTOS/tasks.o
                0x08007170                xTaskGenericNotify
 .text.prvAddCurrentTaskToDelayedList
                0x080073d8      0x11c ./FreeRTOS/tasks.o
 .text.xTimerCreateTimerTask
                0x080074f4       0x74 ./FreeRTOS/timers.o
                0x080074f4                xTimerCreateTimerTask
 .text.xTimerCreate
                0x08007568       0x56 ./FreeRTOS/timers.o
                0x08007568                xTimerCreate
 .text.prvInitialiseNewTimer
                0x080075be       0x72 ./FreeRTOS/timers.o
 .text.xTimerGenericCommandFromTask
                0x08007630       0xb4 ./FreeRTOS/timers.o
                0x08007630                xTimerGenericCommandFromTask
 .text.prvReloadTimer
                0x080076e4       0x42 ./FreeRTOS/timers.o
 *fill*         0x08007726        0x2 
 .text.prvProcessExpiredTimer
                0x08007728       0x60 ./FreeRTOS/timers.o
 .text.prvTimerTask
                0x08007788       0x26 ./FreeRTOS/timers.o
 *fill*         0x080077ae        0x2 
 .text.prvProcessTimerOrBlockTask
                0x080077b0       0x9c ./FreeRTOS/timers.o
 .text.prvGetNextExpireTime
                0x0800784c       0x48 ./FreeRTOS/timers.o
 .text.prvSampleTimeNow
                0x08007894       0x40 ./FreeRTOS/timers.o
 .text.prvInsertTimerInActiveList
                0x080078d4       0x84 ./FreeRTOS/timers.o
 .text.prvProcessReceivedCommands
                0x08007958      0x190 ./FreeRTOS/timers.o
 .text.prvSwitchTimerLists
                0x08007ae8       0x4c ./FreeRTOS/timers.o
 .text.prvCheckForValidListAndQueue
                0x08007b34       0x6c ./FreeRTOS/timers.o
 .text.pxPortInitialiseStack
                0x08007ba0       0x68 ./FreeRTOS/portable/GCC/ARM_CM4F/port.o
                0x08007ba0                pxPortInitialiseStack
 .text.prvTaskExitError
                0x08007c08       0x5c ./FreeRTOS/portable/GCC/ARM_CM4F/port.o
 *fill*         0x08007c64        0xc 
 .text.SVC_Handler
                0x08007c70       0x28 ./FreeRTOS/portable/GCC/ARM_CM4F/port.o
                0x08007c70                SVC_Handler
 .text.prvPortStartFirstTask
                0x08007c98       0x2c ./FreeRTOS/portable/GCC/ARM_CM4F/port.o
 .text.xPortStartScheduler
                0x08007cc4      0x1e0 ./FreeRTOS/portable/GCC/ARM_CM4F/port.o
                0x08007cc4                xPortStartScheduler
 .text.vInitPrioGroupValue
                0x08007ea4      0x100 ./FreeRTOS/portable/GCC/ARM_CM4F/port.o
                0x08007ea4                vInitPrioGroupValue
 .text.vPortEnterCritical
                0x08007fa4       0x64 ./FreeRTOS/portable/GCC/ARM_CM4F/port.o
                0x08007fa4                vPortEnterCritical
 .text.vPortExitCritical
                0x08008008       0x54 ./FreeRTOS/portable/GCC/ARM_CM4F/port.o
                0x08008008                vPortExitCritical
 *fill*         0x0800805c        0x4 
 .text.PendSV_Handler
                0x08008060       0x68 ./FreeRTOS/portable/GCC/ARM_CM4F/port.o
                0x08008060                PendSV_Handler
 .text.SysTick_Handler
                0x080080c8       0x54 ./FreeRTOS/portable/GCC/ARM_CM4F/port.o
                0x080080c8                SysTick_Handler
 .text.vPortSetupTimerInterrupt
                0x0800811c       0x48 ./FreeRTOS/portable/GCC/ARM_CM4F/port.o
                0x0800811c                vPortSetupTimerInterrupt
 .text.vPortEnableVFP
                0x08008164       0x18 ./FreeRTOS/portable/GCC/ARM_CM4F/port.o
 .text.vPortValidateInterruptPriority
                0x0800817c       0x84 ./FreeRTOS/portable/GCC/ARM_CM4F/port.o
                0x0800817c                vPortValidateInterruptPriority
 .text.pvPortMalloc
                0x08008200      0x264 ./FreeRTOS/portable/MemMang/heap_4.o
                0x08008200                pvPortMalloc
 .text.vPortFree
                0x08008464       0xec ./FreeRTOS/portable/MemMang/heap_4.o
                0x08008464                vPortFree
 .text.prvHeapInit
                0x08008550       0xb4 ./FreeRTOS/portable/MemMang/heap_4.o
 .text.prvInsertBlockIntoFreeList
                0x08008604       0xf4 ./FreeRTOS/portable/MemMang/heap_4.o
 .text._cbSendSystemDesc
                0x080086f8       0x1c ./SEGGER/Config/SEGGER_SYSVIEW_Config_FreeRTOS.o
 .text.SEGGER_SYSVIEW_Conf
                0x08008714       0x2c ./SEGGER/Config/SEGGER_SYSVIEW_Config_FreeRTOS.o
                0x08008714                SEGGER_SYSVIEW_Conf
 .text._cbSendTaskList
                0x08008740       0x90 ./SEGGER/OS/SEGGER_SYSVIEW_FreeRTOS.o
 .text._cbGetTime
                0x080087d0       0x86 ./SEGGER/OS/SEGGER_SYSVIEW_FreeRTOS.o
 *fill*         0x08008856        0x2 
 .text.SYSVIEW_AddTask
                0x08008858       0xd0 ./SEGGER/OS/SEGGER_SYSVIEW_FreeRTOS.o
                0x08008858                SYSVIEW_AddTask
 .text.SYSVIEW_SendTaskInfo
                0x08008928       0x42 ./SEGGER/OS/SEGGER_SYSVIEW_FreeRTOS.o
                0x08008928                SYSVIEW_SendTaskInfo
 *fill*         0x0800896a        0x2 
 .text.__NVIC_EnableIRQ
                0x0800896c       0x3c ./SEGGER/Rec/segger_uart.o
 .text.__NVIC_SetPriority
                0x080089a8       0x54 ./SEGGER/Rec/segger_uart.o
 .text._StartSysView
                0x080089fc       0x1e ./SEGGER/Rec/segger_uart.o
 *fill*         0x08008a1a        0x2 
 .text._cbOnUARTRx
                0x08008a1c       0x40 ./SEGGER/Rec/segger_uart.o
 .text._cbOnUARTTx
                0x08008a5c       0x64 ./SEGGER/Rec/segger_uart.o
 .text.SEGGER_UART_init
                0x08008ac0       0x24 ./SEGGER/Rec/segger_uart.o
                0x08008ac0                SEGGER_UART_init
 .text.USART2_IRQHandler
                0x08008ae4       0x94 ./SEGGER/Rec/segger_uart.o
                0x08008ae4                USART2_IRQHandler
 .text.HIF_UART_EnableTXEInterrupt
                0x08008b78       0x20 ./SEGGER/Rec/segger_uart.o
                0x08008b78                HIF_UART_EnableTXEInterrupt
 .text.HIF_UART_Init
                0x08008b98       0xf4 ./SEGGER/Rec/segger_uart.o
                0x08008b98                HIF_UART_Init
 .text._DoInit  0x08008c8c       0xb4 ./SEGGER/SEGGER/SEGGER_RTT.o
 .text._WriteBlocking
                0x08008d40       0xba ./SEGGER/SEGGER/SEGGER_RTT.o
 .text._WriteNoCheck
                0x08008dfa       0x90 ./SEGGER/SEGGER/SEGGER_RTT.o
 .text._GetAvailWriteSpace
                0x08008e8a       0x46 ./SEGGER/SEGGER/SEGGER_RTT.o
 .text.SEGGER_RTT_ReadUpBufferNoLock
                0x08008ed0      0x10c ./SEGGER/SEGGER/SEGGER_RTT.o
                0x08008ed0                SEGGER_RTT_ReadUpBufferNoLock
 .text.SEGGER_RTT_ReadNoLock
                0x08008fdc      0x10c ./SEGGER/SEGGER/SEGGER_RTT.o
                0x08008fdc                SEGGER_RTT_ReadNoLock
 .text.SEGGER_RTT_WriteDownBufferNoLock
                0x080090e8       0xa0 ./SEGGER/SEGGER/SEGGER_RTT.o
                0x080090e8                SEGGER_RTT_WriteDownBufferNoLock
 .text.SEGGER_RTT_WriteNoLock
                0x08009188       0xa0 ./SEGGER/SEGGER/SEGGER_RTT.o
                0x08009188                SEGGER_RTT_WriteNoLock
 .text.SEGGER_RTT_WriteDownBuffer
                0x08009228       0x4c ./SEGGER/SEGGER/SEGGER_RTT.o
                0x08009228                SEGGER_RTT_WriteDownBuffer
 .text.SEGGER_RTT_Write
                0x08009274       0x4c ./SEGGER/SEGGER/SEGGER_RTT.o
                0x08009274                SEGGER_RTT_Write
 .text.SEGGER_RTT_AllocUpBuffer
                0x080092c0      0x108 ./SEGGER/SEGGER/SEGGER_RTT.o
                0x080092c0                SEGGER_RTT_AllocUpBuffer
 .text.SEGGER_RTT_ConfigDownBuffer
                0x080093c8       0x98 ./SEGGER/SEGGER/SEGGER_RTT.o
                0x080093c8                SEGGER_RTT_ConfigDownBuffer
 .text._EncodeStr
                0x08009460       0x60 ./SEGGER/SEGGER/SEGGER_SYSVIEW.o
 .text._PreparePacket
                0x080094c0       0x18 ./SEGGER/SEGGER/SEGGER_SYSVIEW.o
 .text._HandleIncomingPacket
                0x080094d8       0xdc ./SEGGER/SEGGER/SEGGER_SYSVIEW.o
 .text._TrySendOverflowPacket
                0x080095b4       0xe8 ./SEGGER/SEGGER/SEGGER_SYSVIEW.o
 .text._SendPacket
                0x0800969c      0x2e0 ./SEGGER/SEGGER/SEGGER_SYSVIEW.o
 .text.SEGGER_SYSVIEW_Init
                0x0800997c       0x88 ./SEGGER/SEGGER/SEGGER_SYSVIEW.o
                0x0800997c                SEGGER_SYSVIEW_Init
 .text.SEGGER_SYSVIEW_SetRAMBase
                0x08009a04       0x20 ./SEGGER/SEGGER/SEGGER_SYSVIEW.o
                0x08009a04                SEGGER_SYSVIEW_SetRAMBase
 .text.SEGGER_SYSVIEW_RecordVoid
                0x08009a24       0x3c ./SEGGER/SEGGER/SEGGER_SYSVIEW.o
                0x08009a24                SEGGER_SYSVIEW_RecordVoid
 .text.SEGGER_SYSVIEW_RecordU32
                0x08009a60       0x78 ./SEGGER/SEGGER/SEGGER_SYSVIEW.o
                0x08009a60                SEGGER_SYSVIEW_RecordU32
 .text.SEGGER_SYSVIEW_RecordU32x2
                0x08009ad8       0xb4 ./SEGGER/SEGGER/SEGGER_SYSVIEW.o
                0x08009ad8                SEGGER_SYSVIEW_RecordU32x2
 .text.SEGGER_SYSVIEW_Start
                0x08009b8c      0x178 ./SEGGER/SEGGER/SEGGER_SYSVIEW.o
                0x08009b8c                SEGGER_SYSVIEW_Start
 .text.SEGGER_SYSVIEW_Stop
                0x08009d04       0x4c ./SEGGER/SEGGER/SEGGER_SYSVIEW.o
                0x08009d04                SEGGER_SYSVIEW_Stop
 .text.SEGGER_SYSVIEW_GetSysDesc
                0x08009d50      0x134 ./SEGGER/SEGGER/SEGGER_SYSVIEW.o
                0x08009d50                SEGGER_SYSVIEW_GetSysDesc
 .text.SEGGER_SYSVIEW_SendTaskInfo
                0x08009e84      0x1c8 ./SEGGER/SEGGER/SEGGER_SYSVIEW.o
                0x08009e84                SEGGER_SYSVIEW_SendTaskInfo
 .text.SEGGER_SYSVIEW_SendTaskList
                0x0800a04c       0x28 ./SEGGER/SEGGER/SEGGER_SYSVIEW.o
                0x0800a04c                SEGGER_SYSVIEW_SendTaskList
 .text.SEGGER_SYSVIEW_SendSysDesc
                0x0800a074       0x48 ./SEGGER/SEGGER/SEGGER_SYSVIEW.o
                0x0800a074                SEGGER_SYSVIEW_SendSysDesc
 .text.SEGGER_SYSVIEW_RecordSystime
                0x0800a0bc       0x64 ./SEGGER/SEGGER/SEGGER_SYSVIEW.o
                0x0800a0bc                SEGGER_SYSVIEW_RecordSystime
 .text.SEGGER_SYSVIEW_RecordEnterISR
                0x0800a120       0x84 ./SEGGER/SEGGER/SEGGER_SYSVIEW.o
                0x0800a120                SEGGER_SYSVIEW_RecordEnterISR
 .text.SEGGER_SYSVIEW_RecordExitISR
                0x0800a1a4       0x38 ./SEGGER/SEGGER/SEGGER_SYSVIEW.o
                0x0800a1a4                SEGGER_SYSVIEW_RecordExitISR
 .text.SEGGER_SYSVIEW_RecordExitISRToScheduler
                0x0800a1dc       0x38 ./SEGGER/SEGGER/SEGGER_SYSVIEW.o
                0x0800a1dc                SEGGER_SYSVIEW_RecordExitISRToScheduler
 .text.SEGGER_SYSVIEW_RecordEndCall
                0x0800a214       0x78 ./SEGGER/SEGGER/SEGGER_SYSVIEW.o
                0x0800a214                SEGGER_SYSVIEW_RecordEndCall
 .text.SEGGER_SYSVIEW_RecordEndCallU32
                0x0800a28c       0xb0 ./SEGGER/SEGGER/SEGGER_SYSVIEW.o
                0x0800a28c                SEGGER_SYSVIEW_RecordEndCallU32
 .text.SEGGER_SYSVIEW_OnIdle
                0x0800a33c       0x38 ./SEGGER/SEGGER/SEGGER_SYSVIEW.o
                0x0800a33c                SEGGER_SYSVIEW_OnIdle
 .text.SEGGER_SYSVIEW_OnTaskCreate
                0x0800a374       0x84 ./SEGGER/SEGGER/SEGGER_SYSVIEW.o
                0x0800a374                SEGGER_SYSVIEW_OnTaskCreate
 .text.SEGGER_SYSVIEW_OnTaskStartExec
                0x0800a3f8       0x84 ./SEGGER/SEGGER/SEGGER_SYSVIEW.o
                0x0800a3f8                SEGGER_SYSVIEW_OnTaskStartExec
 .text.SEGGER_SYSVIEW_OnTaskStartReady
                0x0800a47c       0x84 ./SEGGER/SEGGER/SEGGER_SYSVIEW.o
                0x0800a47c                SEGGER_SYSVIEW_OnTaskStartReady
 .text.SEGGER_SYSVIEW_OnTaskStopReady
                0x0800a500       0xc0 ./SEGGER/SEGGER/SEGGER_SYSVIEW.o
                0x0800a500                SEGGER_SYSVIEW_OnTaskStopReady
 .text.SEGGER_SYSVIEW_ShrinkId
                0x0800a5c0       0x20 ./SEGGER/SEGGER/SEGGER_SYSVIEW.o
                0x0800a5c0                SEGGER_SYSVIEW_ShrinkId
 .text.SEGGER_SYSVIEW_SendModule
                0x0800a5e0      0x114 ./SEGGER/SEGGER/SEGGER_SYSVIEW.o
                0x0800a5e0                SEGGER_SYSVIEW_SendModule
 .text.SEGGER_SYSVIEW_SendModuleDescription
                0x0800a6f4       0x3c ./SEGGER/SEGGER/SEGGER_SYSVIEW.o
                0x0800a6f4                SEGGER_SYSVIEW_SendModuleDescription
 .text.SEGGER_SYSVIEW_SendNumModules
                0x0800a730       0x7c ./SEGGER/SEGGER/SEGGER_SYSVIEW.o
                0x0800a730                SEGGER_SYSVIEW_SendNumModules
 .text.SEGGER_SYSVIEW_Warn
                0x0800a7ac       0xb8 ./SEGGER/SEGGER/SEGGER_SYSVIEW.o
                0x0800a7ac                SEGGER_SYSVIEW_Warn
 .text.SEGGER_SYSVIEW_IsStarted
                0x0800a864       0x5c ./SEGGER/SEGGER/SEGGER_SYSVIEW.o
                0x0800a864                SEGGER_SYSVIEW_IsStarted
 .text._write_r
                0x0800a8c0       0x22 ./SEGGER/SEGGER/Syscalls/SEGGER_RTT_Syscalls_GCC.o
                0x0800a8c0                _write_r
 *fill*         0x0800a8e2        0x2 
 .text.button_gpio_init
                0x0800a8e4       0x60 ./Tasks/Src/button_task.o
 .text.button_task_init
                0x0800a944       0x54 ./Tasks/Src/button_task.o
                0x0800a944                button_task_init
 .text.v_button_task_handler
                0x0800a998       0x3c ./Tasks/Src/button_task.o
                0x0800a998                v_button_task_handler
 .text.print_date_and_Time
                0x0800a9d4       0x54 ./Tasks/Src/button_task.o
                0x0800a9d4                print_date_and_Time
 .text.led_task_init
                0x0800aa28       0x8c ./Tasks/Src/led_task.o
                0x0800aa28                led_task_init
 .text.v_led_task_green
                0x0800aab4       0x48 ./Tasks/Src/led_task.o
                0x0800aab4                v_led_task_green
 .text.v_led_task_orange
                0x0800aafc       0x64 ./Tasks/Src/led_task.o
                0x0800aafc                v_led_task_orange
 .text.GPIO_Init_Led_Task
                0x0800ab60       0x88 ./Tasks/Src/led_task.o
 .text.get_led_task_orange_handle
                0x0800abe8       0x18 ./Tasks/Src/led_task.o
                0x0800abe8                get_led_task_orange_handle
 .text.sensor_task_init
                0x0800ac00       0x50 ./Tasks/Src/sensor_task.o
                0x0800ac00                sensor_task_init
 .text.v_sensor_task
                0x0800ac50       0x58 ./Tasks/Src/sensor_task.o
                0x0800ac50                v_sensor_task
 .text.get_sensor_task_handle
                0x0800aca8       0x18 ./Tasks/Src/sensor_task.o
                0x0800aca8                get_sensor_task_handle
 .text.generate_sensor_data
                0x0800acc0       0x34 ./Tasks/Src/sensor_task.o
 .text.debug_uart_init
                0x0800acf4       0x54 ./Utils/Src/debug_uart.o
                0x0800acf4                debug_uart_init
 .text.print_debug_msg
                0x0800ad48       0x4c ./Utils/Src/debug_uart.o
                0x0800ad48                print_debug_msg
 .text.Error_Handler_RTOS
                0x0800ad94       0x38 ./Utils/Src/error_handler.o
                0x0800ad94                Error_Handler_RTOS
 .text.Error_Handler_System
                0x0800adcc       0x38 ./Utils/Src/error_handler.o
                0x0800adcc                Error_Handler_System
 .text.__cvt    0x0800ae04       0xca /Applications/STM32CubeIDE.app/Contents/Eclipse/plugins/com.st.stm32cube.ide.mcu.externaltools.gnu-tools-for-stm32.13.3.rel1.macos64_1.0.0.202411102158/tools/bin/../lib/gcc/arm-none-eabi/13.3.1/../../../../arm-none-eabi/lib/thumb/v7e-m+fp/hard/libc_nano.a(libc_a-nano-vfprintf_float.o)
                0x0800ae04                __cvt
 .text.__exponent
                0x0800aece       0x74 /Applications/STM32CubeIDE.app/Contents/Eclipse/plugins/com.st.stm32cube.ide.mcu.externaltools.gnu-tools-for-stm32.13.3.rel1.macos64_1.0.0.202411102158/tools/bin/../lib/gcc/arm-none-eabi/13.3.1/../../../../arm-none-eabi/lib/thumb/v7e-m+fp/hard/libc_nano.a(libc_a-nano-vfprintf_float.o)
                0x0800aece                __exponent
 *fill*         0x0800af42        0x2 
 .text._printf_float
                0x0800af44      0x454 /Applications/STM32CubeIDE.app/Contents/Eclipse/plugins/com.st.stm32cube.ide.mcu.externaltools.gnu-tools-for-stm32.13.3.rel1.macos64_1.0.0.202411102158/tools/bin/../lib/gcc/arm-none-eabi/13.3.1/../../../../arm-none-eabi/lib/thumb/v7e-m+fp/hard/libc_nano.a(libc_a-nano-vfprintf_float.o)
                0x0800af44                _printf_float
 .text._printf_common
                0x0800b398       0xda /Applications/STM32CubeIDE.app/Contents/Eclipse/plugins/com.st.stm32cube.ide.mcu.externaltools.gnu-tools-for-stm32.13.3.rel1.macos64_1.0.0.202411102158/tools/bin/../lib/gcc/arm-none-eabi/13.3.1/../../../../arm-none-eabi/lib/thumb/v7e-m+fp/hard/libc_nano.a(libc_a-nano-vfprintf_i.o)
                0x0800b398                _printf_common
 *fill*         0x0800b472        0x2 
 .text._printf_i
                0x0800b474      0x23c /Applications/STM32CubeIDE.app/Contents/Eclipse/plugins/com.st.stm32cube.ide.mcu.externaltools.gnu-tools-for-stm32.13.3.rel1.macos64_1.0.0.202411102158/tools/bin/../lib/gcc/arm-none-eabi/13.3.1/../../../../arm-none-eabi/lib/thumb/v7e-m+fp/hard/libc_nano.a(libc_a-nano-vfprintf_i.o)
                0x0800b474                _printf_i
 .text.rand     0x0800b6b0       0x7c /Applications/STM32CubeIDE.app/Contents/Eclipse/plugins/com.st.stm32cube.ide.mcu.externaltools.gnu-tools-for-stm32.13.3.rel1.macos64_1.0.0.202411102158/tools/bin/../lib/gcc/arm-none-eabi/13.3.1/../../../../arm-none-eabi/lib/thumb/v7e-m+fp/hard/libc_nano.a(libc_a-rand.o)
                0x0800b6b0                rand
 .text.std      0x0800b72c       0x6c /Applications/STM32CubeIDE.app/Contents/Eclipse/plugins/com.st.stm32cube.ide.mcu.externaltools.gnu-tools-for-stm32.13.3.rel1.macos64_1.0.0.202411102158/tools/bin/../lib/gcc/arm-none-eabi/13.3.1/../../../../arm-none-eabi/lib/thumb/v7e-m+fp/hard/libc_nano.a(libc_a-findfp.o)
 .text.stdio_exit_handler
                0x0800b798       0x18 /Applications/STM32CubeIDE.app/Contents/Eclipse/plugins/com.st.stm32cube.ide.mcu.externaltools.gnu-tools-for-stm32.13.3.rel1.macos64_1.0.0.202411102158/tools/bin/../lib/gcc/arm-none-eabi/13.3.1/../../../../arm-none-eabi/lib/thumb/v7e-m+fp/hard/libc_nano.a(libc_a-findfp.o)
 .text.cleanup_stdio
                0x0800b7b0       0x40 /Applications/STM32CubeIDE.app/Contents/Eclipse/plugins/com.st.stm32cube.ide.mcu.externaltools.gnu-tools-for-stm32.13.3.rel1.macos64_1.0.0.202411102158/tools/bin/../lib/gcc/arm-none-eabi/13.3.1/../../../../arm-none-eabi/lib/thumb/v7e-m+fp/hard/libc_nano.a(libc_a-findfp.o)
 .text.global_stdio_init.part.0
                0x0800b7f0       0x3c /Applications/STM32CubeIDE.app/Contents/Eclipse/plugins/com.st.stm32cube.ide.mcu.externaltools.gnu-tools-for-stm32.13.3.rel1.macos64_1.0.0.202411102158/tools/bin/../lib/gcc/arm-none-eabi/13.3.1/../../../../arm-none-eabi/lib/thumb/v7e-m+fp/hard/libc_nano.a(libc_a-findfp.o)
 .text.__sfp_lock_acquire
                0x0800b82c        0xc /Applications/STM32CubeIDE.app/Contents/Eclipse/plugins/com.st.stm32cube.ide.mcu.externaltools.gnu-tools-for-stm32.13.3.rel1.macos64_1.0.0.202411102158/tools/bin/../lib/gcc/arm-none-eabi/13.3.1/../../../../arm-none-eabi/lib/thumb/v7e-m+fp/hard/libc_nano.a(libc_a-findfp.o)
                0x0800b82c                __sfp_lock_acquire
 .text.__sfp_lock_release
                0x0800b838        0xc /Applications/STM32CubeIDE.app/Contents/Eclipse/plugins/com.st.stm32cube.ide.mcu.externaltools.gnu-tools-for-stm32.13.3.rel1.macos64_1.0.0.202411102158/tools/bin/../lib/gcc/arm-none-eabi/13.3.1/../../../../arm-none-eabi/lib/thumb/v7e-m+fp/hard/libc_nano.a(libc_a-findfp.o)
                0x0800b838                __sfp_lock_release
 .text.__sinit  0x0800b844       0x30 /Applications/STM32CubeIDE.app/Contents/Eclipse/plugins/com.st.stm32cube.ide.mcu.externaltools.gnu-tools-for-stm32.13.3.rel1.macos64_1.0.0.202411102158/tools/bin/../lib/gcc/arm-none-eabi/13.3.1/../../../../arm-none-eabi/lib/thumb/v7e-m+fp/hard/libc_nano.a(libc_a-findfp.o)
                0x0800b844                __sinit
 .text._vsprintf_r
                0x0800b874       0x2c /Applications/STM32CubeIDE.app/Contents/Eclipse/plugins/com.st.stm32cube.ide.mcu.externaltools.gnu-tools-for-stm32.13.3.rel1.macos64_1.0.0.202411102158/tools/bin/../lib/gcc/arm-none-eabi/13.3.1/../../../../arm-none-eabi/lib/thumb/v7e-m+fp/hard/libc_nano.a(libc_a-vsprintf.o)
                0x0800b874                _vsiprintf_r
                0x0800b874                _vsprintf_r
 .text.vsprintf
                0x0800b8a0       0x14 /Applications/STM32CubeIDE.app/Contents/Eclipse/plugins/com.st.stm32cube.ide.mcu.externaltools.gnu-tools-for-stm32.13.3.rel1.macos64_1.0.0.202411102158/tools/bin/../lib/gcc/arm-none-eabi/13.3.1/../../../../arm-none-eabi/lib/thumb/v7e-m+fp/hard/libc_nano.a(libc_a-vsprintf.o)
                0x0800b8a0                vsprintf
                0x0800b8a0                vsiprintf
 .text._fwalk_sglue
                0x0800b8b4       0x3c /Applications/STM32CubeIDE.app/Contents/Eclipse/plugins/com.st.stm32cube.ide.mcu.externaltools.gnu-tools-for-stm32.13.3.rel1.macos64_1.0.0.202411102158/tools/bin/../lib/gcc/arm-none-eabi/13.3.1/../../../../arm-none-eabi/lib/thumb/v7e-m+fp/hard/libc_nano.a(libc_a-fwalk.o)
                0x0800b8b4                _fwalk_sglue
 .text.memcmp   0x0800b8f0       0x20 /Applications/STM32CubeIDE.app/Contents/Eclipse/plugins/com.st.stm32cube.ide.mcu.externaltools.gnu-tools-for-stm32.13.3.rel1.macos64_1.0.0.202411102158/tools/bin/../lib/gcc/arm-none-eabi/13.3.1/../../../../arm-none-eabi/lib/thumb/v7e-m+fp/hard/libc_nano.a(libc_a-memcmp.o)
                0x0800b8f0                memcmp
 .text.memset   0x0800b910       0x10 /Applications/STM32CubeIDE.app/Contents/Eclipse/plugins/com.st.stm32cube.ide.mcu.externaltools.gnu-tools-for-stm32.13.3.rel1.macos64_1.0.0.202411102158/tools/bin/../lib/gcc/arm-none-eabi/13.3.1/../../../../arm-none-eabi/lib/thumb/v7e-m+fp/hard/libc_nano.a(libc_a-memset.o)
                0x0800b910                memset
 .text.__errno  0x0800b920        0xc /Applications/STM32CubeIDE.app/Contents/Eclipse/plugins/com.st.stm32cube.ide.mcu.externaltools.gnu-tools-for-stm32.13.3.rel1.macos64_1.0.0.202411102158/tools/bin/../lib/gcc/arm-none-eabi/13.3.1/../../../../arm-none-eabi/lib/thumb/v7e-m+fp/hard/libc_nano.a(libc_a-errno.o)
                0x0800b920                __errno
 .text.__libc_init_array
                0x0800b92c       0x48 /Applications/STM32CubeIDE.app/Contents/Eclipse/plugins/com.st.stm32cube.ide.mcu.externaltools.gnu-tools-for-stm32.13.3.rel1.macos64_1.0.0.202411102158/tools/bin/../lib/gcc/arm-none-eabi/13.3.1/../../../../arm-none-eabi/lib/thumb/v7e-m+fp/hard/libc_nano.a(libc_a-init.o)
                0x0800b92c                __libc_init_array
 .text.__retarget_lock_init_recursive
                0x0800b974        0x2 /Applications/STM32CubeIDE.app/Contents/Eclipse/plugins/com.st.stm32cube.ide.mcu.externaltools.gnu-tools-for-stm32.13.3.rel1.macos64_1.0.0.202411102158/tools/bin/../lib/gcc/arm-none-eabi/13.3.1/../../../../arm-none-eabi/lib/thumb/v7e-m+fp/hard/libc_nano.a(libc_a-lock.o)
                0x0800b974                __retarget_lock_init_recursive
 .text.__retarget_lock_acquire_recursive
                0x0800b976        0x2 /Applications/STM32CubeIDE.app/Contents/Eclipse/plugins/com.st.stm32cube.ide.mcu.externaltools.gnu-tools-for-stm32.13.3.rel1.macos64_1.0.0.202411102158/tools/bin/../lib/gcc/arm-none-eabi/13.3.1/../../../../arm-none-eabi/lib/thumb/v7e-m+fp/hard/libc_nano.a(libc_a-lock.o)
                0x0800b976                __retarget_lock_acquire_recursive
 .text.__retarget_lock_release_recursive
                0x0800b978        0x2 /Applications/STM32CubeIDE.app/Contents/Eclipse/plugins/com.st.stm32cube.ide.mcu.externaltools.gnu-tools-for-stm32.13.3.rel1.macos64_1.0.0.202411102158/tools/bin/../lib/gcc/arm-none-eabi/13.3.1/../../../../arm-none-eabi/lib/thumb/v7e-m+fp/hard/libc_nano.a(libc_a-lock.o)
                0x0800b978                __retarget_lock_release_recursive
 *fill*         0x0800b97a        0x2 
 .text._localeconv_r
                0x0800b97c        0x8 /Applications/STM32CubeIDE.app/Contents/Eclipse/plugins/com.st.stm32cube.ide.mcu.externaltools.gnu-tools-for-stm32.13.3.rel1.macos64_1.0.0.202411102158/tools/bin/../lib/gcc/arm-none-eabi/13.3.1/../../../../arm-none-eabi/lib/thumb/v7e-m+fp/hard/libc_nano.a(libc_a-localeconv.o)
                0x0800b97c                _localeconv_r
 .text.memcpy   0x0800b984       0x1c /Applications/STM32CubeIDE.app/Contents/Eclipse/plugins/com.st.stm32cube.ide.mcu.externaltools.gnu-tools-for-stm32.13.3.rel1.macos64_1.0.0.202411102158/tools/bin/../lib/gcc/arm-none-eabi/13.3.1/../../../../arm-none-eabi/lib/thumb/v7e-m+fp/hard/libc_nano.a(libc_a-memcpy-stub.o)
                0x0800b984                memcpy
 .text.__assert_func
                0x0800b9a0       0x3c /Applications/STM32CubeIDE.app/Contents/Eclipse/plugins/com.st.stm32cube.ide.mcu.externaltools.gnu-tools-for-stm32.13.3.rel1.macos64_1.0.0.202411102158/tools/bin/../lib/gcc/arm-none-eabi/13.3.1/../../../../arm-none-eabi/lib/thumb/v7e-m+fp/hard/libc_nano.a(libc_a-assert.o)
                0x0800b9a0                __assert_func
 .text.quorem   0x0800b9dc      0x110 /Applications/STM32CubeIDE.app/Contents/Eclipse/plugins/com.st.stm32cube.ide.mcu.externaltools.gnu-tools-for-stm32.13.3.rel1.macos64_1.0.0.202411102158/tools/bin/../lib/gcc/arm-none-eabi/13.3.1/../../../../arm-none-eabi/lib/thumb/v7e-m+fp/hard/libc_nano.a(libc_a-dtoa.o)
 *fill*         0x0800baec        0x4 
 .text._dtoa_r  0x0800baf0      0xba0 /Applications/STM32CubeIDE.app/Contents/Eclipse/plugins/com.st.stm32cube.ide.mcu.externaltools.gnu-tools-for-stm32.13.3.rel1.macos64_1.0.0.202411102158/tools/bin/../lib/gcc/arm-none-eabi/13.3.1/../../../../arm-none-eabi/lib/thumb/v7e-m+fp/hard/libc_nano.a(libc_a-dtoa.o)
                0x0800baf0                _dtoa_r
 .text.__ssputs_r
                0x0800c690       0xb6 /Applications/STM32CubeIDE.app/Contents/Eclipse/plugins/com.st.stm32cube.ide.mcu.externaltools.gnu-tools-for-stm32.13.3.rel1.macos64_1.0.0.202411102158/tools/bin/../lib/gcc/arm-none-eabi/13.3.1/../../../../arm-none-eabi/lib/thumb/v7e-m+fp/hard/libc_nano.a(libc_a-nano-svfprintf.o)
                0x0800c690                __ssputs_r
 *fill*         0x0800c746        0x2 
 .text._svfprintf_r
                0x0800c748      0x1f8 /Applications/STM32CubeIDE.app/Contents/Eclipse/plugins/com.st.stm32cube.ide.mcu.externaltools.gnu-tools-for-stm32.13.3.rel1.macos64_1.0.0.202411102158/tools/bin/../lib/gcc/arm-none-eabi/13.3.1/../../../../arm-none-eabi/lib/thumb/v7e-m+fp/hard/libc_nano.a(libc_a-nano-svfprintf.o)
                0x0800c748                _svfprintf_r
                0x0800c748                _svfiprintf_r
 .text.malloc   0x0800c940       0x10 /Applications/STM32CubeIDE.app/Contents/Eclipse/plugins/com.st.stm32cube.ide.mcu.externaltools.gnu-tools-for-stm32.13.3.rel1.macos64_1.0.0.202411102158/tools/bin/../lib/gcc/arm-none-eabi/13.3.1/../../../../arm-none-eabi/lib/thumb/v7e-m+fp/hard/libc_nano.a(libc_a-malloc.o)
                0x0800c940                malloc
 .text.sbrk_aligned
                0x0800c950       0x44 /Applications/STM32CubeIDE.app/Contents/Eclipse/plugins/com.st.stm32cube.ide.mcu.externaltools.gnu-tools-for-stm32.13.3.rel1.macos64_1.0.0.202411102158/tools/bin/../lib/gcc/arm-none-eabi/13.3.1/../../../../arm-none-eabi/lib/thumb/v7e-m+fp/hard/libc_nano.a(libc_a-mallocr.o)
 .text._malloc_r
                0x0800c994      0x100 /Applications/STM32CubeIDE.app/Contents/Eclipse/plugins/com.st.stm32cube.ide.mcu.externaltools.gnu-tools-for-stm32.13.3.rel1.macos64_1.0.0.202411102158/tools/bin/../lib/gcc/arm-none-eabi/13.3.1/../../../../arm-none-eabi/lib/thumb/v7e-m+fp/hard/libc_nano.a(libc_a-mallocr.o)
                0x0800c994                _malloc_r
 .text.__sflush_r
                0x0800ca94      0x108 /Applications/STM32CubeIDE.app/Contents/Eclipse/plugins/com.st.stm32cube.ide.mcu.externaltools.gnu-tools-for-stm32.13.3.rel1.macos64_1.0.0.202411102158/tools/bin/../lib/gcc/arm-none-eabi/13.3.1/../../../../arm-none-eabi/lib/thumb/v7e-m+fp/hard/libc_nano.a(libc_a-fflush.o)
                0x0800ca94                __sflush_r
 .text._fflush_r
                0x0800cb9c       0x50 /Applications/STM32CubeIDE.app/Contents/Eclipse/plugins/com.st.stm32cube.ide.mcu.externaltools.gnu-tools-for-stm32.13.3.rel1.macos64_1.0.0.202411102158/tools/bin/../lib/gcc/arm-none-eabi/13.3.1/../../../../arm-none-eabi/lib/thumb/v7e-m+fp/hard/libc_nano.a(libc_a-fflush.o)
                0x0800cb9c                _fflush_r
 .text.__malloc_lock
                0x0800cbec        0xc /Applications/STM32CubeIDE.app/Contents/Eclipse/plugins/com.st.stm32cube.ide.mcu.externaltools.gnu-tools-for-stm32.13.3.rel1.macos64_1.0.0.202411102158/tools/bin/../lib/gcc/arm-none-eabi/13.3.1/../../../../arm-none-eabi/lib/thumb/v7e-m+fp/hard/libc_nano.a(libc_a-mlock.o)
                0x0800cbec                __malloc_lock
 .text.__malloc_unlock
                0x0800cbf8        0xc /Applications/STM32CubeIDE.app/Contents/Eclipse/plugins/com.st.stm32cube.ide.mcu.externaltools.gnu-tools-for-stm32.13.3.rel1.macos64_1.0.0.202411102158/tools/bin/../lib/gcc/arm-none-eabi/13.3.1/../../../../arm-none-eabi/lib/thumb/v7e-m+fp/hard/libc_nano.a(libc_a-mlock.o)
                0x0800cbf8                __malloc_unlock
 .text._Balloc  0x0800cc04       0x80 /Applications/STM32CubeIDE.app/Contents/Eclipse/plugins/com.st.stm32cube.ide.mcu.externaltools.gnu-tools-for-stm32.13.3.rel1.macos64_1.0.0.202411102158/tools/bin/../lib/gcc/arm-none-eabi/13.3.1/../../../../arm-none-eabi/lib/thumb/v7e-m+fp/hard/libc_nano.a(libc_a-mprec.o)
                0x0800cc04                _Balloc
 .text._Bfree   0x0800cc84       0x44 /Applications/STM32CubeIDE.app/Contents/Eclipse/plugins/com.st.stm32cube.ide.mcu.externaltools.gnu-tools-for-stm32.13.3.rel1.macos64_1.0.0.202411102158/tools/bin/../lib/gcc/arm-none-eabi/13.3.1/../../../../arm-none-eabi/lib/thumb/v7e-m+fp/hard/libc_nano.a(libc_a-mprec.o)
                0x0800cc84                _Bfree
 .text.__multadd
                0x0800ccc8       0x8c /Applications/STM32CubeIDE.app/Contents/Eclipse/plugins/com.st.stm32cube.ide.mcu.externaltools.gnu-tools-for-stm32.13.3.rel1.macos64_1.0.0.202411102158/tools/bin/../lib/gcc/arm-none-eabi/13.3.1/../../../../arm-none-eabi/lib/thumb/v7e-m+fp/hard/libc_nano.a(libc_a-mprec.o)
                0x0800ccc8                __multadd
 .text.__hi0bits
                0x0800cd54       0x3e /Applications/STM32CubeIDE.app/Contents/Eclipse/plugins/com.st.stm32cube.ide.mcu.externaltools.gnu-tools-for-stm32.13.3.rel1.macos64_1.0.0.202411102158/tools/bin/../lib/gcc/arm-none-eabi/13.3.1/../../../../arm-none-eabi/lib/thumb/v7e-m+fp/hard/libc_nano.a(libc_a-mprec.o)
                0x0800cd54                __hi0bits
 .text.__lo0bits
                0x0800cd92       0x5a /Applications/STM32CubeIDE.app/Contents/Eclipse/plugins/com.st.stm32cube.ide.mcu.externaltools.gnu-tools-for-stm32.13.3.rel1.macos64_1.0.0.202411102158/tools/bin/../lib/gcc/arm-none-eabi/13.3.1/../../../../arm-none-eabi/lib/thumb/v7e-m+fp/hard/libc_nano.a(libc_a-mprec.o)
                0x0800cd92                __lo0bits
 .text.__i2b    0x0800cdec       0x2c /Applications/STM32CubeIDE.app/Contents/Eclipse/plugins/com.st.stm32cube.ide.mcu.externaltools.gnu-tools-for-stm32.13.3.rel1.macos64_1.0.0.202411102158/tools/bin/../lib/gcc/arm-none-eabi/13.3.1/../../../../arm-none-eabi/lib/thumb/v7e-m+fp/hard/libc_nano.a(libc_a-mprec.o)
                0x0800cdec                __i2b
 .text.__multiply
                0x0800ce18      0x144 /Applications/STM32CubeIDE.app/Contents/Eclipse/plugins/com.st.stm32cube.ide.mcu.externaltools.gnu-tools-for-stm32.13.3.rel1.macos64_1.0.0.202411102158/tools/bin/../lib/gcc/arm-none-eabi/13.3.1/../../../../arm-none-eabi/lib/thumb/v7e-m+fp/hard/libc_nano.a(libc_a-mprec.o)
                0x0800ce18                __multiply
 .text.__pow5mult
                0x0800cf5c       0xb4 /Applications/STM32CubeIDE.app/Contents/Eclipse/plugins/com.st.stm32cube.ide.mcu.externaltools.gnu-tools-for-stm32.13.3.rel1.macos64_1.0.0.202411102158/tools/bin/../lib/gcc/arm-none-eabi/13.3.1/../../../../arm-none-eabi/lib/thumb/v7e-m+fp/hard/libc_nano.a(libc_a-mprec.o)
                0x0800cf5c                __pow5mult
 .text.__lshift
                0x0800d010       0xd8 /Applications/STM32CubeIDE.app/Contents/Eclipse/plugins/com.st.stm32cube.ide.mcu.externaltools.gnu-tools-for-stm32.13.3.rel1.macos64_1.0.0.202411102158/tools/bin/../lib/gcc/arm-none-eabi/13.3.1/../../../../arm-none-eabi/lib/thumb/v7e-m+fp/hard/libc_nano.a(libc_a-mprec.o)
                0x0800d010                __lshift
 .text.__mcmp   0x0800d0e8       0x36 /Applications/STM32CubeIDE.app/Contents/Eclipse/plugins/com.st.stm32cube.ide.mcu.externaltools.gnu-tools-for-stm32.13.3.rel1.macos64_1.0.0.202411102158/tools/bin/../lib/gcc/arm-none-eabi/13.3.1/../../../../arm-none-eabi/lib/thumb/v7e-m+fp/hard/libc_nano.a(libc_a-mprec.o)
                0x0800d0e8                __mcmp
 *fill*         0x0800d11e        0x2 
 .text.__mdiff  0x0800d120      0x128 /Applications/STM32CubeIDE.app/Contents/Eclipse/plugins/com.st.stm32cube.ide.mcu.externaltools.gnu-tools-for-stm32.13.3.rel1.macos64_1.0.0.202411102158/tools/bin/../lib/gcc/arm-none-eabi/13.3.1/../../../../arm-none-eabi/lib/thumb/v7e-m+fp/hard/libc_nano.a(libc_a-mprec.o)
                0x0800d120                __mdiff
 .text.__d2b    0x0800d248       0xb0 /Applications/STM32CubeIDE.app/Contents/Eclipse/plugins/com.st.stm32cube.ide.mcu.externaltools.gnu-tools-for-stm32.13.3.rel1.macos64_1.0.0.202411102158/tools/bin/../lib/gcc/arm-none-eabi/13.3.1/../../../../arm-none-eabi/lib/thumb/v7e-m+fp/hard/libc_nano.a(libc_a-mprec.o)
                0x0800d248                __d2b
 .text.__sread  0x0800d2f8       0x22 /Applications/STM32CubeIDE.app/Contents/Eclipse/plugins/com.st.stm32cube.ide.mcu.externaltools.gnu-tools-for-stm32.13.3.rel1.macos64_1.0.0.202411102158/tools/bin/../lib/gcc/arm-none-eabi/13.3.1/../../../../arm-none-eabi/lib/thumb/v7e-m+fp/hard/libc_nano.a(libc_a-stdio.o)
                0x0800d2f8                __sread
 .text.__swrite
                0x0800d31a       0x38 /Applications/STM32CubeIDE.app/Contents/Eclipse/plugins/com.st.stm32cube.ide.mcu.externaltools.gnu-tools-for-stm32.13.3.rel1.macos64_1.0.0.202411102158/tools/bin/../lib/gcc/arm-none-eabi/13.3.1/../../../../arm-none-eabi/lib/thumb/v7e-m+fp/hard/libc_nano.a(libc_a-stdio.o)
                0x0800d31a                __swrite
 .text.__sseek  0x0800d352       0x24 /Applications/STM32CubeIDE.app/Contents/Eclipse/plugins/com.st.stm32cube.ide.mcu.externaltools.gnu-tools-for-stm32.13.3.rel1.macos64_1.0.0.202411102158/tools/bin/../lib/gcc/arm-none-eabi/13.3.1/../../../../arm-none-eabi/lib/thumb/v7e-m+fp/hard/libc_nano.a(libc_a-stdio.o)
                0x0800d352                __sseek
 .text.__sclose
                0x0800d376        0x8 /Applications/STM32CubeIDE.app/Contents/Eclipse/plugins/com.st.stm32cube.ide.mcu.externaltools.gnu-tools-for-stm32.13.3.rel1.macos64_1.0.0.202411102158/tools/bin/../lib/gcc/arm-none-eabi/13.3.1/../../../../arm-none-eabi/lib/thumb/v7e-m+fp/hard/libc_nano.a(libc_a-stdio.o)
                0x0800d376                __sclose
 *fill*         0x0800d37e        0x2 
 .text.fprintf  0x0800d380       0x24 /Applications/STM32CubeIDE.app/Contents/Eclipse/plugins/com.st.stm32cube.ide.mcu.externaltools.gnu-tools-for-stm32.13.3.rel1.macos64_1.0.0.202411102158/tools/bin/../lib/gcc/arm-none-eabi/13.3.1/../../../../arm-none-eabi/lib/thumb/v7e-m+fp/hard/libc_nano.a(libc_a-fprintf.o)
                0x0800d380                fprintf
                0x0800d380                fiprintf
 .text._realloc_r
                0x0800d3a4       0x5c /Applications/STM32CubeIDE.app/Contents/Eclipse/plugins/com.st.stm32cube.ide.mcu.externaltools.gnu-tools-for-stm32.13.3.rel1.macos64_1.0.0.202411102158/tools/bin/../lib/gcc/arm-none-eabi/13.3.1/../../../../arm-none-eabi/lib/thumb/v7e-m+fp/hard/libc_nano.a(libc_a-reallocr.o)
                0x0800d3a4                _realloc_r
 .text.memmove  0x0800d400       0x34 /Applications/STM32CubeIDE.app/Contents/Eclipse/plugins/com.st.stm32cube.ide.mcu.externaltools.gnu-tools-for-stm32.13.3.rel1.macos64_1.0.0.202411102158/tools/bin/../lib/gcc/arm-none-eabi/13.3.1/../../../../arm-none-eabi/lib/thumb/v7e-m+fp/hard/libc_nano.a(libc_a-memmove.o)
                0x0800d400                memmove
 .text._lseek_r
                0x0800d434       0x24 /Applications/STM32CubeIDE.app/Contents/Eclipse/plugins/com.st.stm32cube.ide.mcu.externaltools.gnu-tools-for-stm32.13.3.rel1.macos64_1.0.0.202411102158/tools/bin/../lib/gcc/arm-none-eabi/13.3.1/../../../../arm-none-eabi/lib/thumb/v7e-m+fp/hard/libc_nano.a(libc_a-lseekr.o)
                0x0800d434                _lseek_r
 .text._read_r  0x0800d458       0x24 /Applications/STM32CubeIDE.app/Contents/Eclipse/plugins/com.st.stm32cube.ide.mcu.externaltools.gnu-tools-for-stm32.13.3.rel1.macos64_1.0.0.202411102158/tools/bin/../lib/gcc/arm-none-eabi/13.3.1/../../../../arm-none-eabi/lib/thumb/v7e-m+fp/hard/libc_nano.a(libc_a-readr.o)
                0x0800d458                _read_r
 .text._sbrk_r  0x0800d47c       0x20 /Applications/STM32CubeIDE.app/Contents/Eclipse/plugins/com.st.stm32cube.ide.mcu.externaltools.gnu-tools-for-stm32.13.3.rel1.macos64_1.0.0.202411102158/tools/bin/../lib/gcc/arm-none-eabi/13.3.1/../../../../arm-none-eabi/lib/thumb/v7e-m+fp/hard/libc_nano.a(libc_a-sbrkr.o)
                0x0800d47c                _sbrk_r
 .text._close_r
                0x0800d49c       0x20 /Applications/STM32CubeIDE.app/Contents/Eclipse/plugins/com.st.stm32cube.ide.mcu.externaltools.gnu-tools-for-stm32.13.3.rel1.macos64_1.0.0.202411102158/tools/bin/../lib/gcc/arm-none-eabi/13.3.1/../../../../arm-none-eabi/lib/thumb/v7e-m+fp/hard/libc_nano.a(libc_a-closer.o)
                0x0800d49c                _close_r
 .text.abort    0x0800d4bc        0xe /Applications/STM32CubeIDE.app/Contents/Eclipse/plugins/com.st.stm32cube.ide.mcu.externaltools.gnu-tools-for-stm32.13.3.rel1.macos64_1.0.0.202411102158/tools/bin/../lib/gcc/arm-none-eabi/13.3.1/../../../../arm-none-eabi/lib/thumb/v7e-m+fp/hard/libc_nano.a(libc_a-abort.o)
                0x0800d4bc                abort
 .text._calloc_r
                0x0800d4ca       0x28 /Applications/STM32CubeIDE.app/Contents/Eclipse/plugins/com.st.stm32cube.ide.mcu.externaltools.gnu-tools-for-stm32.13.3.rel1.macos64_1.0.0.202411102158/tools/bin/../lib/gcc/arm-none-eabi/13.3.1/../../../../arm-none-eabi/lib/thumb/v7e-m+fp/hard/libc_nano.a(libc_a-callocr.o)
                0x0800d4ca                _calloc_r
 *fill*         0x0800d4f2        0x2 
 .text._free_r  0x0800d4f4       0x94 /Applications/STM32CubeIDE.app/Contents/Eclipse/plugins/com.st.stm32cube.ide.mcu.externaltools.gnu-tools-for-stm32.13.3.rel1.macos64_1.0.0.202411102158/tools/bin/../lib/gcc/arm-none-eabi/13.3.1/../../../../arm-none-eabi/lib/thumb/v7e-m+fp/hard/libc_nano.a(libc_a-freer.o)
                0x0800d4f4                _free_r
 .text.__sfputc_r
                0x0800d588       0x2e /Applications/STM32CubeIDE.app/Contents/Eclipse/plugins/com.st.stm32cube.ide.mcu.externaltools.gnu-tools-for-stm32.13.3.rel1.macos64_1.0.0.202411102158/tools/bin/../lib/gcc/arm-none-eabi/13.3.1/../../../../arm-none-eabi/lib/thumb/v7e-m+fp/hard/libc_nano.a(libc_a-nano-vfprintf.o)
 .text.__sfputs_r
                0x0800d5b6       0x24 /Applications/STM32CubeIDE.app/Contents/Eclipse/plugins/com.st.stm32cube.ide.mcu.externaltools.gnu-tools-for-stm32.13.3.rel1.macos64_1.0.0.202411102158/tools/bin/../lib/gcc/arm-none-eabi/13.3.1/../../../../arm-none-eabi/lib/thumb/v7e-m+fp/hard/libc_nano.a(libc_a-nano-vfprintf.o)
                0x0800d5b6                __sfputs_r
 *fill*         0x0800d5da        0x2 
 .text._vfprintf_r
                0x0800d5dc      0x230 /Applications/STM32CubeIDE.app/Contents/Eclipse/plugins/com.st.stm32cube.ide.mcu.externaltools.gnu-tools-for-stm32.13.3.rel1.macos64_1.0.0.202411102158/tools/bin/../lib/gcc/arm-none-eabi/13.3.1/../../../../arm-none-eabi/lib/thumb/v7e-m+fp/hard/libc_nano.a(libc_a-nano-vfprintf.o)
                0x0800d5dc                _vfiprintf_r
                0x0800d5dc                _vfprintf_r
 .text.__ascii_mbtowc
                0x0800d80c       0x24 /Applications/STM32CubeIDE.app/Contents/Eclipse/plugins/com.st.stm32cube.ide.mcu.externaltools.gnu-tools-for-stm32.13.3.rel1.macos64_1.0.0.202411102158/tools/bin/../lib/gcc/arm-none-eabi/13.3.1/../../../../arm-none-eabi/lib/thumb/v7e-m+fp/hard/libc_nano.a(libc_a-mbtowc_r.o)
                0x0800d80c                __ascii_mbtowc
 .text._malloc_usable_size_r
                0x0800d830       0x10 /Applications/STM32CubeIDE.app/Contents/Eclipse/plugins/com.st.stm32cube.ide.mcu.externaltools.gnu-tools-for-stm32.13.3.rel1.macos64_1.0.0.202411102158/tools/bin/../lib/gcc/arm-none-eabi/13.3.1/../../../../arm-none-eabi/lib/thumb/v7e-m+fp/hard/libc_nano.a(libc_a-msizer.o)
                0x0800d830                _malloc_usable_size_r
 .text.__swbuf_r
                0x0800d840       0x7c /Applications/STM32CubeIDE.app/Contents/Eclipse/plugins/com.st.stm32cube.ide.mcu.externaltools.gnu-tools-for-stm32.13.3.rel1.macos64_1.0.0.202411102158/tools/bin/../lib/gcc/arm-none-eabi/13.3.1/../../../../arm-none-eabi/lib/thumb/v7e-m+fp/hard/libc_nano.a(libc_a-wbuf.o)
                0x0800d840                __swbuf_r
 .text.__swsetup_r
                0x0800d8bc       0xac /Applications/STM32CubeIDE.app/Contents/Eclipse/plugins/com.st.stm32cube.ide.mcu.externaltools.gnu-tools-for-stm32.13.3.rel1.macos64_1.0.0.202411102158/tools/bin/../lib/gcc/arm-none-eabi/13.3.1/../../../../arm-none-eabi/lib/thumb/v7e-m+fp/hard/libc_nano.a(libc_a-wsetup.o)
                0x0800d8bc                __swsetup_r
 .text.__ascii_wctomb
                0x0800d968       0x1a /Applications/STM32CubeIDE.app/Contents/Eclipse/plugins/com.st.stm32cube.ide.mcu.externaltools.gnu-tools-for-stm32.13.3.rel1.macos64_1.0.0.202411102158/tools/bin/../lib/gcc/arm-none-eabi/13.3.1/../../../../arm-none-eabi/lib/thumb/v7e-m+fp/hard/libc_nano.a(libc_a-wctomb_r.o)
                0x0800d968                __ascii_wctomb
 .text.__swhatbuf_r
                0x0800d982       0x4c /Applications/STM32CubeIDE.app/Contents/Eclipse/plugins/com.st.stm32cube.ide.mcu.externaltools.gnu-tools-for-stm32.13.3.rel1.macos64_1.0.0.202411102158/tools/bin/../lib/gcc/arm-none-eabi/13.3.1/../../../../arm-none-eabi/lib/thumb/v7e-m+fp/hard/libc_nano.a(libc_a-makebuf.o)
                0x0800d982                __swhatbuf_r
 .text.__smakebuf_r
                0x0800d9ce       0x78 /Applications/STM32CubeIDE.app/Contents/Eclipse/plugins/com.st.stm32cube.ide.mcu.externaltools.gnu-tools-for-stm32.13.3.rel1.macos64_1.0.0.202411102158/tools/bin/../lib/gcc/arm-none-eabi/13.3.1/../../../../arm-none-eabi/lib/thumb/v7e-m+fp/hard/libc_nano.a(libc_a-makebuf.o)
                0x0800d9ce                __smakebuf_r
 .text._raise_r
                0x0800da46       0x50 /Applications/STM32CubeIDE.app/Contents/Eclipse/plugins/com.st.stm32cube.ide.mcu.externaltools.gnu-tools-for-stm32.13.3.rel1.macos64_1.0.0.202411102158/tools/bin/../lib/gcc/arm-none-eabi/13.3.1/../../../../arm-none-eabi/lib/thumb/v7e-m+fp/hard/libc_nano.a(libc_a-signal.o)
                0x0800da46                _raise_r
 *fill*         0x0800da96        0x2 
 .text.raise    0x0800da98       0x10 /Applications/STM32CubeIDE.app/Contents/Eclipse/plugins/com.st.stm32cube.ide.mcu.externaltools.gnu-tools-for-stm32.13.3.rel1.macos64_1.0.0.202411102158/tools/bin/../lib/gcc/arm-none-eabi/13.3.1/../../../../arm-none-eabi/lib/thumb/v7e-m+fp/hard/libc_nano.a(libc_a-signal.o)
                0x0800da98                raise
 .text._isatty_r
                0x0800daa8       0x20 /Applications/STM32CubeIDE.app/Contents/Eclipse/plugins/com.st.stm32cube.ide.mcu.externaltools.gnu-tools-for-stm32.13.3.rel1.macos64_1.0.0.202411102158/tools/bin/../lib/gcc/arm-none-eabi/13.3.1/../../../../arm-none-eabi/lib/thumb/v7e-m+fp/hard/libc_nano.a(libc_a-isattyr.o)
                0x0800daa8                _isatty_r
 .text._kill_r  0x0800dac8       0x24 /Applications/STM32CubeIDE.app/Contents/Eclipse/plugins/com.st.stm32cube.ide.mcu.externaltools.gnu-tools-for-stm32.13.3.rel1.macos64_1.0.0.202411102158/tools/bin/../lib/gcc/arm-none-eabi/13.3.1/../../../../arm-none-eabi/lib/thumb/v7e-m+fp/hard/libc_nano.a(libc_a-signalr.o)
                0x0800dac8                _kill_r
 .text._getpid_r
                0x0800daec        0x4 /Applications/STM32CubeIDE.app/Contents/Eclipse/plugins/com.st.stm32cube.ide.mcu.externaltools.gnu-tools-for-stm32.13.3.rel1.macos64_1.0.0.202411102158/tools/bin/../lib/gcc/arm-none-eabi/13.3.1/../../../../arm-none-eabi/lib/thumb/v7e-m+fp/hard/libc_nano.a(libc_a-signalr.o)
                0x0800daec                _getpid_r
 .text._fstat_r
                0x0800daf0       0x24 /Applications/STM32CubeIDE.app/Contents/Eclipse/plugins/com.st.stm32cube.ide.mcu.externaltools.gnu-tools-for-stm32.13.3.rel1.macos64_1.0.0.202411102158/tools/bin/../lib/gcc/arm-none-eabi/13.3.1/../../../../arm-none-eabi/lib/thumb/v7e-m+fp/hard/libc_nano.a(libc_a-fstatr.o)
                0x0800daf0                _fstat_r
 *(.glue_7)
 .glue_7        0x0800db14        0x0 linker stubs
 *(.glue_7t)
 .glue_7t       0x0800db14        0x0 linker stubs
 *(.eh_frame)
 .eh_frame      0x0800db14        0x0 /Applications/STM32CubeIDE.app/Contents/Eclipse/plugins/com.st.stm32cube.ide.mcu.externaltools.gnu-tools-for-stm32.13.3.rel1.macos64_1.0.0.202411102158/tools/bin/../lib/gcc/arm-none-eabi/13.3.1/thumb/v7e-m+fp/hard/crtbegin.o
 *(.init)
 .init          0x0800db14        0x4 /Applications/STM32CubeIDE.app/Contents/Eclipse/plugins/com.st.stm32cube.ide.mcu.externaltools.gnu-tools-for-stm32.13.3.rel1.macos64_1.0.0.202411102158/tools/bin/../lib/gcc/arm-none-eabi/13.3.1/thumb/v7e-m+fp/hard/crti.o
                0x0800db14                _init
 .init          0x0800db18        0x8 /Applications/STM32CubeIDE.app/Contents/Eclipse/plugins/com.st.stm32cube.ide.mcu.externaltools.gnu-tools-for-stm32.13.3.rel1.macos64_1.0.0.202411102158/tools/bin/../lib/gcc/arm-none-eabi/13.3.1/thumb/v7e-m+fp/hard/crtn.o
 *(.fini)
 .fini          0x0800db20        0x4 /Applications/STM32CubeIDE.app/Contents/Eclipse/plugins/com.st.stm32cube.ide.mcu.externaltools.gnu-tools-for-stm32.13.3.rel1.macos64_1.0.0.202411102158/tools/bin/../lib/gcc/arm-none-eabi/13.3.1/thumb/v7e-m+fp/hard/crti.o
                0x0800db20                _fini
 .fini          0x0800db24        0x8 /Applications/STM32CubeIDE.app/Contents/Eclipse/plugins/com.st.stm32cube.ide.mcu.externaltools.gnu-tools-for-stm32.13.3.rel1.macos64_1.0.0.202411102158/tools/bin/../lib/gcc/arm-none-eabi/13.3.1/thumb/v7e-m+fp/hard/crtn.o
                0x0800db2c                        . = ALIGN (0x4)
                0x0800db2c                        _etext = .

.vfp11_veneer   0x0800db2c        0x0
 .vfp11_veneer  0x0800db2c        0x0 linker stubs

.v4_bx          0x0800db2c        0x0
 .v4_bx         0x0800db2c        0x0 linker stubs

.iplt           0x0800db2c        0x0
 .iplt          0x0800db2c        0x0 /Applications/STM32CubeIDE.app/Contents/Eclipse/plugins/com.st.stm32cube.ide.mcu.externaltools.gnu-tools-for-stm32.13.3.rel1.macos64_1.0.0.202411102158/tools/bin/../lib/gcc/arm-none-eabi/13.3.1/thumb/v7e-m+fp/hard/crtbegin.o

.rodata         0x0800db30      0x8cc
                0x0800db30                        . = ALIGN (0x4)
 *(.rodata)
 .rodata        0x0800db30       0x7e ./Core/Src/app_resources.o
 *fill*         0x0800dbae        0x2 
 .rodata        0x0800dbb0       0x58 ./Core/Src/main_SECN.o
 .rodata        0x0800dc08       0x43 ./Core/Src/msp_SECN.o
 *fill*         0x0800dc4b        0x1 
 .rodata        0x0800dc4c       0xe2 ./Core/Src/timer_Low_Power_Mode.o
 *fill*         0x0800dd2e        0x2 
 .rodata        0x0800dd30        0x5 ./FreeRTOS/tasks.o
 *fill*         0x0800dd35        0x3 
 .rodata        0x0800dd38        0xd ./FreeRTOS/timers.o
 *fill*         0x0800dd45        0x3 
 .rodata        0x0800dd48       0x45 ./SEGGER/Config/SEGGER_SYSVIEW_Config_FreeRTOS.o
 *fill*         0x0800dd8d        0x3 
 .rodata        0x0800dd90       0x58 ./SEGGER/OS/SEGGER_SYSVIEW_FreeRTOS.o
 .rodata        0x0800dde8        0x9 ./SEGGER/SEGGER/SEGGER_RTT.o
 *fill*         0x0800ddf1        0x3 
 .rodata        0x0800ddf4       0x10 ./SEGGER/SEGGER/SEGGER_SYSVIEW.o
 .rodata        0x0800de04       0x83 ./Tasks/Src/button_task.o
 *fill*         0x0800de87        0x1 
 .rodata        0x0800de88       0x59 ./Tasks/Src/led_task.o
 *fill*         0x0800dee1        0x3 
 .rodata        0x0800dee4       0x5c ./Tasks/Src/sensor_task.o
 .rodata        0x0800df40       0x1a ./Utils/Src/debug_uart.o
 *fill*         0x0800df5a        0x2 
 .rodata        0x0800df5c       0x2a ./Utils/Src/error_handler.o
 *(.rodata*)
 *fill*         0x0800df86        0x2 
 .rodata.__func__.1
                0x0800df88       0x13 ./Core/Src/app_resources.o
 *fill*         0x0800df9b        0x1 
 .rodata.__func__.0
                0x0800df9c       0x17 ./Core/Src/app_resources.o
 *fill*         0x0800dfb3        0x1 
 .rodata.__func__.0
                0x0800dfb4       0x13 ./Core/Src/main_SECN.o
 *fill*         0x0800dfc7        0x1 
 .rodata.AHBPrescTable
                0x0800dfc8       0x10 ./Core/Src/system_stm32f4xx.o
                0x0800dfc8                AHBPrescTable
 .rodata.APBPrescTable
                0x0800dfd8        0x8 ./Core/Src/system_stm32f4xx.o
                0x0800dfd8                APBPrescTable
 .rodata.uxTopUsedPriority
                0x0800dfe0        0x4 ./FreeRTOS/tasks.o
 .rodata.SYSVIEW_X_OS_TraceAPI
                0x0800dfe4        0x8 ./SEGGER/OS/SEGGER_SYSVIEW_FreeRTOS.o
                0x0800dfe4                SYSVIEW_X_OS_TraceAPI
 .rodata._abHelloMsg
                0x0800dfec        0x4 ./SEGGER/Rec/segger_uart.o
 .rodata._aInitStr.0
                0x0800dff0       0x11 ./SEGGER/SEGGER/SEGGER_RTT.o
 *fill*         0x0800e001        0x3 
 .rodata._abSync
                0x0800e004        0xa ./SEGGER/SEGGER/SEGGER_SYSVIEW.o
 *fill*         0x0800e00e        0x2 
 .rodata.__func__.0
                0x0800e010        0xe ./Tasks/Src/sensor_task.o
 *fill*         0x0800e01e        0x2 
 .rodata.__func__.0
                0x0800e020       0x10 ./Utils/Src/debug_uart.o
 .rodata._printf_float.str1.1
                0x0800e030      0x1c9 /Applications/STM32CubeIDE.app/Contents/Eclipse/plugins/com.st.stm32cube.ide.mcu.externaltools.gnu-tools-for-stm32.13.3.rel1.macos64_1.0.0.202411102158/tools/bin/../lib/gcc/arm-none-eabi/13.3.1/../../../../arm-none-eabi/lib/thumb/v7e-m+fp/hard/libc_nano.a(libc_a-nano-vfprintf_float.o)
                                 0x12 (size before relaxing)
 .rodata._printf_i.str1.1
                0x0800e1f9       0x22 /Applications/STM32CubeIDE.app/Contents/Eclipse/plugins/com.st.stm32cube.ide.mcu.externaltools.gnu-tools-for-stm32.13.3.rel1.macos64_1.0.0.202411102158/tools/bin/../lib/gcc/arm-none-eabi/13.3.1/../../../../arm-none-eabi/lib/thumb/v7e-m+fp/hard/libc_nano.a(libc_a-nano-vfprintf_i.o)
 .rodata.srand.str1.1
                0x0800e1f9       0x6f /Applications/STM32CubeIDE.app/Contents/Eclipse/plugins/com.st.stm32cube.ide.mcu.externaltools.gnu-tools-for-stm32.13.3.rel1.macos64_1.0.0.202411102158/tools/bin/../lib/gcc/arm-none-eabi/13.3.1/../../../../arm-none-eabi/lib/thumb/v7e-m+fp/hard/libc_nano.a(libc_a-rand.o)
 .rodata.__assert_func.str1.1
                0x0800e1f9       0x3d /Applications/STM32CubeIDE.app/Contents/Eclipse/plugins/com.st.stm32cube.ide.mcu.externaltools.gnu-tools-for-stm32.13.3.rel1.macos64_1.0.0.202411102158/tools/bin/../lib/gcc/arm-none-eabi/13.3.1/../../../../arm-none-eabi/lib/thumb/v7e-m+fp/hard/libc_nano.a(libc_a-assert.o)
 .rodata._dtoa_r.str1.1
                0x0800e1f9       0x8f /Applications/STM32CubeIDE.app/Contents/Eclipse/plugins/com.st.stm32cube.ide.mcu.externaltools.gnu-tools-for-stm32.13.3.rel1.macos64_1.0.0.202411102158/tools/bin/../lib/gcc/arm-none-eabi/13.3.1/../../../../arm-none-eabi/lib/thumb/v7e-m+fp/hard/libc_nano.a(libc_a-dtoa.o)
 .rodata._svfprintf_r.str1.1
                0x0800e1f9       0x11 /Applications/STM32CubeIDE.app/Contents/Eclipse/plugins/com.st.stm32cube.ide.mcu.externaltools.gnu-tools-for-stm32.13.3.rel1.macos64_1.0.0.202411102158/tools/bin/../lib/gcc/arm-none-eabi/13.3.1/../../../../arm-none-eabi/lib/thumb/v7e-m+fp/hard/libc_nano.a(libc_a-nano-svfprintf.o)
 .rodata._Balloc.str1.1
                0x0800e1f9       0x70 /Applications/STM32CubeIDE.app/Contents/Eclipse/plugins/com.st.stm32cube.ide.mcu.externaltools.gnu-tools-for-stm32.13.3.rel1.macos64_1.0.0.202411102158/tools/bin/../lib/gcc/arm-none-eabi/13.3.1/../../../../arm-none-eabi/lib/thumb/v7e-m+fp/hard/libc_nano.a(libc_a-mprec.o)
 .rodata.__multadd.str1.1
                0x0800e1f9       0x11 /Applications/STM32CubeIDE.app/Contents/Eclipse/plugins/com.st.stm32cube.ide.mcu.externaltools.gnu-tools-for-stm32.13.3.rel1.macos64_1.0.0.202411102158/tools/bin/../lib/gcc/arm-none-eabi/13.3.1/../../../../arm-none-eabi/lib/thumb/v7e-m+fp/hard/libc_nano.a(libc_a-mprec.o)
 *fill*         0x0800e1f9        0x3 
 .rodata.p05.0  0x0800e1fc        0xc /Applications/STM32CubeIDE.app/Contents/Eclipse/plugins/com.st.stm32cube.ide.mcu.externaltools.gnu-tools-for-stm32.13.3.rel1.macos64_1.0.0.202411102158/tools/bin/../lib/gcc/arm-none-eabi/13.3.1/../../../../arm-none-eabi/lib/thumb/v7e-m+fp/hard/libc_nano.a(libc_a-mprec.o)
 .rodata.__mprec_bigtens
                0x0800e208       0x28 /Applications/STM32CubeIDE.app/Contents/Eclipse/plugins/com.st.stm32cube.ide.mcu.externaltools.gnu-tools-for-stm32.13.3.rel1.macos64_1.0.0.202411102158/tools/bin/../lib/gcc/arm-none-eabi/13.3.1/../../../../arm-none-eabi/lib/thumb/v7e-m+fp/hard/libc_nano.a(libc_a-mprec.o)
                0x0800e208                __mprec_bigtens
 .rodata.__mprec_tens